
=== TORTURE: Boundary Policy — Risk / Denial / Logger ===
  [PASS] echo → low
  [PASS] memory.add → med
  [PASS] web.search → high
  [PASS] filesystem.write → high
  [PASS] email.send → high
  [PASS] shell.exec → high
  [PASS] http.request → high
  [PASS] web.anything → high (base)
  [PASS] unknown_tool → med
  [PASS] empty string → med
  [PASS] web limits has rate_limit
  [PASS] email limits has require_approval
  [PASS] filesystem limits has read_only
  [PASS] shell limits has timeout
  [PASS] http limits has rate_limit
  [PASS] unknown limits has note
  [PASS] event to_dict has profile
  [PASS] event to_dict has risk_level
  [PASS] event to_dict has type
  [PASS] event to_dict has requested_capability
  [PASS] denial has error
  [PASS] denial has tool
  [PASS] denial has how_to_enable
  [PASS] event risk_level high
  [PASS] event has timestamp
  [PASS] event profile
  [PASS] event proposed_limits populated
  [PASS] custom reason preserved
  [PASS] tick_index preserved
  [PASS] tool_args preserved
  [PASS] unknown tool → med risk
  [PASS] empty logger → []
  [PASS] 2 events after append
  [PASS] first event type
  [PASS] second event profile
  [PASS] missing file → []

=== TORTURE: PII Guard — Extended Cases ===
  [PASS] bare 9-digit SSN caught
  [PASS] bearer token caught
  [PASS] auth_token caught
  [PASS] PASSWORD uppercase caught
  [PASS] Api_Key mixed case caught
  [PASS] SECRET_KEY uppercase caught
  [PASS] embedded password (no colon) — either ok
  [PASS] empty string → safe
  [PASS] whitespace → safe

=== TORTURE: RuntimePolicy — self_refine Clamping ===
  [PASS] negative refine → 0
  [PASS] 100 refine → 15
  [PASS] 15 refine → 15
  [PASS] 0 refine → 0
  [PASS] 7 refine → 7
  [PASS] stasis_mode set
  [PASS] tool_failure_mode stop
  [PASS] None wall_time, iter ok
  [PASS] None wall_time, iter limit

=== TORTURE: Manifest Helpers ===
  [PASS] empty → 0
  [PASS] None-like → 0
  [PASS] short → >= 1
  [PASS] 1000 chars → ~250
  [PASS] basic
  [PASS] special chars stripped
  [PASS] caps lowered
  [PASS] unicode stripped
  [PASS] repeated underscores collapsed
  [PASS] manifest_path is string
  [PASS] manifest_path contains manifest.json
  [PASS] sha256 deterministic
  [PASS] sha256 length 64
  [PASS] sha256 differs for diff input

=== TORTURE: Directive Parser Edge Cases ===
  [PASS] H1-only → no sections
  [PASS] unicode headings parsed
  [PASS] first heading correct
  [PASS] second heading correct
  [PASS] empty bodies handled
  [PASS] blank file → empty
  [PASS] missing file → empty

=== TORTURE: Directive Store Edge Cases ===
  [PASS] missing scope file → 0 results
  [PASS] missing scope → 0 headings
  [PASS] empty scopes → 0
  [PASS] substring bonus applied
  [PASS] empty query → 0
  [PASS] no overlap → 0
  [PASS] get_section case insensitive
  [PASS] get_section missing → None

=== TORTURE: Memory Types — Extended ===
  [PASS] topic_id=None omitted from dict
  [PASS] topic_id in dict when set
  [PASS] extra keys ignored gracefully
  [PASS] JOURNAL_ONLY_SIGNALS not empty
  [PASS] 'tick marker' in signals
  [PASS] 'heartbeat' in signals
  [PASS] 'ephemeral' in signals
  [PASS] MAX_MEMORY_TEXT_LENGTH is 1200
  [PASS] default version = 1
  [PASS] default tier = 'canon'
  [PASS] default tags = []
  [PASS] default created_at = ''
  [PASS] default updated_at = None
  [PASS] default source = None
  [PASS] default deleted_at = None

=== TORTURE: Chunker Edge Cases ===
  [PASS] mixed headers parsed
  [PASS] giant paragraph chunked
  [PASS] tiny section produces chunk(s)
  [PASS] vault memory chunk created
  [PASS] vault memory text preserved
  [PASS] normal vault memory
  [PASS] normal text preserved
  [PASS] soul script chunks created
  [PASS] soul script metadata flags

=== TORTURE: Memory Injector — build_memory_block ===
  [PASS] semantic block not empty
  [PASS] semantic has header
  [PASS] semantic has dark mode
  [PASS] semantic has birthday
  [PASS] semantic has score
  [PASS] semantic has scope tag
  [PASS] semantic has category heading
  [PASS] recall block not empty
  [PASS] recall has header
  [PASS] recall has project
  [PASS] recall has favorite color
  [PASS] recall → most recent label
  [PASS] empty search → empty string
  [PASS] empty recall → empty string
  [PASS] multi-scope accepted
  [PASS] tags in semantic output

=== TORTURE: MemoryTool — All Actions ===
  [PASS] definition has name
  [PASS] definition has parameters
  [PASS] 13 actions
  [PASS] add → stored
  [PASS] add → has id
  [PASS] add missing text → error
  [PASS] add missing scope → error
  [PASS] add missing category → error
  [PASS] add_many → stored
  [PASS] add_many count 2
  [PASS] add_many has ids
  [PASS] add_many no memories → error
  [PASS] add_many missing text → error
  [PASS] remember → stored
  [PASS] remember missing text → error
  [PASS] get → ok
  [PASS] get → correct text
  [PASS] get missing → not_found
  [PASS] get no id → error
  [PASS] update → updated
  [PASS] update → version > 1
  [PASS] update no id → error
  [PASS] delete → deleted
  [PASS] re-delete → not_found
  [PASS] delete no id → error
  [PASS] bulk_delete → ok
  [PASS] bulk_delete count 3
  [PASS] bulk_delete no ids → error
  [PASS] list → ok
  [PASS] list has memories
  [PASS] list count > 0
  [PASS] search → ok
  [PASS] search no query → error
  [PASS] recall → ok
  [PASS] recall has memories
  [PASS] stats → ok
  [PASS] stats has active_count
  [PASS] compact → ok
  [PASS] rebuild_index → ok
  [PASS] unknown action → error

=== TORTURE: CostTrackerTool — Extended Actions ===
  [PASS] cost_summary has today
  [PASS] cost_summary has this_week
  [PASS] cost_summary has this_month
  [PASS] cost_summary has all_time
  [PASS] all_time num_calls
  [PASS] filtered summary has events
  [PASS] cost_log has events
  [PASS] cost_log count
  [PASS] cost_log limit works
  [PASS] cost_log agent filter
  [PASS] session_cost has chat_id
  [PASS] session_cost has num_calls
  [PASS] session_cost no chat_id → error
  [PASS] session_cost unknown chat → 0 calls

=== TORTURE: Note Collector Helpers ===
  [PASS] missing user note → empty
  [PASS] missing builtin note → empty
  [PASS] invalidate_notes_faiss ok
  [PASS] _load_settings returns dict
  [PASS] note collector imports ok

=== TORTURE: Manifest — ID Collision Dedup ===
  [PASS] 2 directives from duplicate headings
  [PASS] IDs are unique
  [PASS] second ID has suffix

=== TORTURE: ContinuationUpdate — Edge Cases ===
  [PASS] definition has name
  [PASS] definition has parameters
  [PASS] unknown mode → error
  [PASS] replace_section no section → handled
  [PASS] append result is string
  [PASS] continuation file exists

=== TORTURE: Data Paths — Extended ===
  [PASS] profile_dir is string
  [PASS] profile_dir exists
  [PASS] memory_dir is string
  [PASS] memory_dir exists
  [PASS] faiss_dir is string
  [PASS] faiss_dir exists
  [PASS] shared_dir is string
  [PASS] shared_dir exists
  [PASS] state_path is string
  [PASS] state_path contains profile
  [PASS] journal_path is string
  [PASS] journal_path contains profile
  [PASS] summary_path is string
  [PASS] summary_path contains profile
  [PASS] continuation_path is string
  [PASS] continuation_path contains profile
  [PASS] narrative_path is string
  [PASS] vault_path is string
  [PASS] vault_path contains vault
  [PASS] boundary_events_path is string
  [PASS] change_log_path is string
  [PASS] human_journal_path is string
  [PASS] tool_requests_path is string

=== TORTURE: Metering — Extended Edge Cases ===
  [PASS] estimate None-safe
  [PASS] estimate 1 char
  [PASS] estimate empty msgs
  [PASS] None content in msg → safe
  [PASS] cached_input_cost preserved
  [PASS] training_cost preserved
  [PASS] aggregate empty → 0 calls
  [PASS] aggregate empty → total_cost 0
  [PASS] malformed log lines handled
  [PASS] some events read despite bad line

=== TORTURE: WebSearchTool — _extract_content ===
  [PASS] extract basic HTML
  [PASS] extract empty HTML → empty
  [PASS] script tags removed
  [PASS] useful content preserved
  [PASS] clean tabs
  [PASS] clean multiple spaces
  [PASS] truncate to 5 words
  [PASS] fast pages < normal pages
  [PASS] normal pages < deep pages
  [PASS] fast returns tuple of 3

=== TORTURE: ActiveDirectives — Batch Operations ===
  [PASS] batch: 3 results
  [PASS] batch: alpha has manifest id
  [PASS] batch: alpha has manifest version
  [PASS] batch: beta version
  [PASS] batch: gamma no manifest → unknown
  [PASS] batch: count 3
  [PASS] batch: scopes include shared
  [PASS] batch: total_tokens > 0

=== TORTURE: Vault — Interleaved Operations ===
  [PASS] interleaved: 2 active
  [PASS] interleaved: m1 version 3
  [PASS] interleaved: m1 final text
  [PASS] interleaved: m2 deleted
  [PASS] interleaved: m3 intact
  [PASS] interleaved compact ok
  [PASS] interleaved: still 2 after compact

=== TORTURE: User Notes Loader — Extended ===
  [PASS] strip numeric entities
  [PASS] strip deeply nested
  [PASS] strip self-closing
  [PASS] loaded notes type
  [PASS] trashed note excluded

=== TORTURE: Manifest Diff — Edge Cases ===
  [PASS] both empty → 0 changes
  [PASS] both empty → 0 removed
  [PASS] both empty → 0 changed
  [PASS] both empty → 0 unchanged
  [PASS] new only → 2 added
  [PASS] new only → 0 removed
  [PASS] old only → 0 added
  [PASS] old only → 2 removed
  [PASS] hash change → 1 changed
  [PASS] hash change entry has old_sha256
  [PASS] hash change entry has new_sha256
  [PASS] complex: 1 added
  [PASS] complex: 1 removed
  [PASS] complex: 1 changed
  [PASS] complex: 1 unchanged

=== TORTURE: Echo Tool ===
  [PASS] echo definition name
  [PASS] echo returns message
  [PASS] echo empty → some response
  [PASS] echo no message → handled
  [PASS] echo unicode

=== TORTURE: LLM Client Types ===
  [PASS] default content None
  [PASS] default tool_calls []
  [PASS] default model ''
  [PASS] default usage None
  [PASS] default raw {}
  [PASS] content set
  [PASS] tool_calls set
  [PASS] model set
  [PASS] usage set
  [PASS] raw set
  [PASS] instances isolated

=== TORTURE: Directive Injector — With Manifest ===
  [PASS] block not empty
  [PASS] block has directives header
  [PASS] AD populated
  [PASS] AD max 2 sections

=== TORTURE: Model Router — Config & API ===
  [PASS] defaults has tiers
  [PASS] defaults has task_tier_map
  [PASS] 6 default tiers
  [PASS] tier ids are t0-t5
  [PASS] t0 has id
  [PASS] t0 has label
  [PASS] t0 has enabled
  [PASS] t0 has connection_id
  [PASS] t0 has provider
  [PASS] t0 has primary_model
  [PASS] t0 has temperature
  [PASS] t0 has max_output_tokens
  [PASS] t0 has max_iterations
  [PASS] t0 has retries_before_escalate
  [PASS] t0 has alt_models
  [PASS] t0 has cost_per_call
  [PASS] t1 has id
  [PASS] t1 has label
  [PASS] t1 has enabled
  [PASS] t1 has connection_id
  [PASS] t1 has provider
  [PASS] t1 has primary_model
  [PASS] t1 has temperature
  [PASS] t1 has max_output_tokens
  [PASS] t1 has max_iterations
  [PASS] t1 has retries_before_escalate
  [PASS] t1 has alt_models
  [PASS] t1 has cost_per_call
  [PASS] t2 has id
  [PASS] t2 has label
  [PASS] t2 has enabled
  [PASS] t2 has connection_id
  [PASS] t2 has provider
  [PASS] t2 has primary_model
  [PASS] t2 has temperature
  [PASS] t2 has max_output_tokens
  [PASS] t2 has max_iterations
  [PASS] t2 has retries_before_escalate
  [PASS] t2 has alt_models
  [PASS] t2 has cost_per_call
  [PASS] t3 has id
  [PASS] t3 has label
  [PASS] t3 has enabled
  [PASS] t3 has connection_id
  [PASS] t3 has provider
  [PASS] t3 has primary_model
  [PASS] t3 has temperature
  [PASS] t3 has max_output_tokens
  [PASS] t3 has max_iterations
  [PASS] t3 has retries_before_escalate
  [PASS] t3 has alt_models
  [PASS] t3 has cost_per_call
  [PASS] t4 has id
  [PASS] t4 has label
  [PASS] t4 has enabled
  [PASS] t4 has connection_id
  [PASS] t4 has provider
  [PASS] t4 has primary_model
  [PASS] t4 has temperature
  [PASS] t4 has max_output_tokens
  [PASS] t4 has max_iterations
  [PASS] t4 has retries_before_escalate
  [PASS] t4 has alt_models
  [PASS] t4 has cost_per_call
  [PASS] t5 has id
  [PASS] t5 has label
  [PASS] t5 has enabled
  [PASS] t5 has connection_id
  [PASS] t5 has provider
  [PASS] t5 has primary_model
  [PASS] t5 has temperature
  [PASS] t5 has max_output_tokens
  [PASS] t5 has max_iterations
  [PASS] t5 has retries_before_escalate
  [PASS] t5 has alt_models
  [PASS] t5 has cost_per_call
  [PASS] labels correct
  [PASS] all tiers enabled
  [PASS] t0 temp 0-2
  [PASS] t1 temp 0-2
  [PASS] t2 temp 0-2
  [PASS] t3 temp 0-2
  [PASS] t4 temp 0-2
  [PASS] t5 temp 0-2
  [PASS] t0 tokens > 0
  [PASS] t1 tokens > 0
  [PASS] t2 tokens > 0
  [PASS] t3 tokens > 0
  [PASS] t4 tokens > 0
  [PASS] t5 tokens > 0
  [PASS] t0 iterations > 0
  [PASS] t1 iterations > 0
  [PASS] t2 iterations > 0
  [PASS] t3 iterations > 0
  [PASS] t4 iterations > 0
  [PASS] t5 iterations > 0
  [PASS] t0 alt_models is list
  [PASS] t1 alt_models is list
  [PASS] t2 alt_models is list
  [PASS] t3 alt_models is list
  [PASS] t4 alt_models is list
  [PASS] t5 alt_models is list
  [PASS] defaults has enabled
  [PASS] enabled is True by default
  [PASS] 11 default task types
  [PASS] task 'coding_light' in map
  [PASS] task 'coding_heavy' in map
  [PASS] task 'summarization' in map
  [PASS] task 'planning' in map
  [PASS] task 'high_stakes' in map
  [PASS] task 'final_polish' in map
  [PASS] task 'memory_ops' in map
  [PASS] task 'reflection' in map
  [PASS] task 'general' in map
  [PASS] task 'tool_use' in map
  [PASS] task 'agi_tick' in map
  [PASS] task 'coding_light' → valid tier
  [PASS] task 'coding_heavy' → valid tier
  [PASS] task 'summarization' → valid tier
  [PASS] task 'planning' → valid tier
  [PASS] task 'high_stakes' → valid tier
  [PASS] task 'final_polish' → valid tier
  [PASS] task 'memory_ops' → valid tier
  [PASS] task 'reflection' → valid tier
  [PASS] task 'tool_use' → valid tier
  [PASS] task 'agi_tick' → valid tier
  [PASS] task 'general' → valid tier
  [PASS] general → __auto__
  [PASS] coding_light → code_light
  [PASS] coding_heavy → code_heavy
  [PASS] final_polish → expensive_cloud
  [PASS] planning → local_strong
  [PASS] missing file → has tiers
  [PASS] missing file → 6 tiers
  [PASS] missing file → has task_tier_map
  [PASS] missing file → 11 tasks
  [PASS] file created
  [PASS] round-trip tiers count
  [PASS] round-trip tier label
  [PASS] round-trip tier disabled
  [PASS] round-trip alt_models
  [PASS] round-trip task map coding
  [PASS] partial → tiers from defaults
  [PASS] partial → coding overridden
  [PASS] empty file → tiers from defaults
  [PASS] empty file → task_tier_map from defaults
  [PASS] empty map → task_tier_map repopulated
  [PASS] empty map → coding_light present
  [PASS] empty map → coding_heavy present
  [PASS] empty map → general is __auto__
  [PASS] empty map → tiers preserved
  [PASS] empty map → tier label preserved
  [PASS] GET status 200
  [PASS] GET has tiers
  [PASS] GET has task_tier_map
  [PASS] GET 6 tiers
  [PASS] POST status 200
  [PASS] POST ok
  [PASS] POST config returned
  [PASS] POST coding changed
  [PASS] GET after POST reflects save
  [PASS] RESET status 200
  [PASS] RESET ok
  [PASS] RESET coding_light back to default
  [PASS] RESET 6 tiers
  [PASS] GET after reset → default coding_heavy
  [PASS] t0 provider ollama
  [PASS] t0 model qwen2.5:7b
  [PASS] t3 provider openai
  [PASS] t3 model gpt-4o
  [PASS] t0 cost ~$0.00
  [PASS] t3 cost contains $0.01
  [PASS] t0 retries >= t3 retries
  [PASS] t3 iterations >= t0 iterations
  [PASS] preset list 200
  [PASS] preset list has presets key
  [PASS] preset list initially empty
  [PASS] preset save no name → 400
  [PASS] preset save no name error msg
  [PASS] preset save blank name → 400
  [PASS] preset save 200
  [PASS] preset save ok
  [PASS] preset save filename
  [PASS] preset special chars save ok
  [PASS] preset no angle brackets
  [PASS] preset no slashes
  [PASS] preset list has 2
  [PASS] preset Test Preset in list
  [PASS] preset 'My <Special> /Preset\!' has filename
  [PASS] preset 'My <Special> /Preset\!' has created
  [PASS] preset 'My <Special> /Preset\!' has description
  [PASS] preset 'Test Preset' has filename
  [PASS] preset 'Test Preset' has created
  [PASS] preset 'Test Preset' has description
  [PASS] preset load 200
  [PASS] preset load ok
  [PASS] preset load has config
  [PASS] preset load has name
  [PASS] preset load config correct
  [PASS] preset load missing → 404
  [PASS] preset delete 200
  [PASS] preset delete ok
  [PASS] preset list after delete has 1
  [PASS] preset delete missing → ok
  [PASS] preset save no config ok
  [PASS] preset no-config has tiers
  [PASS] preset overwrite ok
  [PASS] preset overwrite description

=== TORTURE: Model Router — Tool Interface ===
  [PASS] MR def name
  [PASS] MR def has params
  [PASS] MR 5 actions
  [PASS] MR actions list
  [PASS] MR has text param
  [PASS] classify coding_heavy
  [PASS] classify implement
  [PASS] classify debug
  [PASS] classify refactor
  [PASS] classify regex
  [PASS] classify rename
  [PASS] classify typo
  [PASS] classify summarize
  [PASS] classify tldr
  [PASS] classify plan
  [PASS] classify roadmap
  [PASS] classify architect
  [PASS] classify review
  [PASS] classify deploy
  [PASS] classify polish
  [PASS] classify proofread
  [PASS] classify remember
  [PASS] classify vault
  [PASS] classify reflect
  [PASS] classify journal
  [PASS] classify search tool
  [PASS] classify web search
  [PASS] classify general
  [PASS] classify empty
  [PASS] classify UPPER
  [PASS] classify mixed
  [PASS] priority: coding_heavy before planning
  [PASS] rules is list
  [PASS] rules non-empty
  [PASS] rule 0 has keywords
  [PASS] rule 0 has task_type str
  [PASS] rule 1 has keywords
  [PASS] rule 1 has task_type str
  [PASS] rule 2 has keywords
  [PASS] rule 2 has task_type str
  [PASS] rule 3 has keywords
  [PASS] rule 3 has task_type str
  [PASS] rule 4 has keywords
  [PASS] rule 4 has task_type str
  [PASS] rule 5 has keywords
  [PASS] rule 5 has task_type str
  [PASS] rule 6 has keywords
  [PASS] rule 6 has task_type str
  [PASS] rule 7 has keywords
  [PASS] rule 7 has task_type str
  [PASS] rule 8 has keywords
  [PASS] rule 8 has task_type str
  [PASS] defaults has enabled
  [PASS] defaults has task_tier_map
  [PASS] defaults enabled True
  [PASS] defaults 11 task types
  [PASS] resolve coding → cheap_cloud
  [PASS] resolve coding model
  [PASS] resolve summarization → local_cheap
  [PASS] resolve general → None (__auto__)
  [PASS] resolve disabled tier → None
  [PASS] resolve unknown task → None
  [PASS] disabled router → None
  [PASS] resolve_model task_type=coding_heavy
  [PASS] resolve_model model set
  [PASS] resolve_model provider set
  [PASS] resolve_model general → None model
  [PASS] resolve_model general → None provider
  [PASS] resolve_model general task_type
  [PASS] escalate t0 → t1
  [PASS] escalate t1 → t2
  [PASS] escalate t2 → None (t3 disabled)
  [PASS] escalate unknown → None
  [PASS] tier_for_connection found
  [PASS] tier_for_connection disabled → None
  [PASS] tier_for_connection missing → None
  [PASS] execute classify → coding_heavy
  [PASS] execute classify has model field
  [PASS] execute classify no text → error
  [PASS] execute resolve has task_type
  [PASS] execute resolve has fallback
  [PASS] execute resolve no text → error
  [PASS] execute list_tiers has tiers
  [PASS] execute list_tiers has enabled
  [PASS] execute get_map has task_tier_map
  [PASS] execute get_map has enabled
  [PASS] execute get_map 10 tasks
  [PASS] execute unknown action → error
  [PASS] execute no action → list_tiers

=== TORTURE: AGI Loop — Tool + State ===
  [PASS] singleton identity
  [PASS] AGILoopState() same instance
  [PASS] reset running=False
  [PASS] reset paused=False
  [PASS] reset current_tick=0
  [PASS] reset total_ticks=0
  [PASS] reset total_cost=0
  [PASS] reset session_cost=0
  [PASS] reset error_streak=0
  [PASS] reset tick_history empty
  [PASS] reset last_error None
  [PASS] reset started_at None
  [PASS] reset stopped_at None
  [PASS] reset stop_reason None
  [PASS] reset task None
  [PASS] to_dict has running
  [PASS] to_dict has paused
  [PASS] to_dict has current_tick
  [PASS] to_dict has total_ticks
  [PASS] to_dict has total_cost
  [PASS] to_dict has session_cost
  [PASS] to_dict has error_streak
  [PASS] to_dict has last_error
  [PASS] to_dict has started_at
  [PASS] to_dict has stopped_at
  [PASS] to_dict has stop_reason
  [PASS] to_dict has recent_ticks
  [PASS] to_dict recent_ticks is list
  [PASS] 5 ticks logged
  [PASS] tick 0 correct
  [PASS] tick 4 correct
  [PASS] recent_ticks capped at 20
  [PASS] recent_ticks has latest
  [PASS] in-memory capped at 200
  [PASS] oldest tick trimmed
  [PASS] AL def name
  [PASS] AL def has params
  [PASS] AL 4 actions
  [PASS] AL actions list
  [PASS] AL has limit param
  [PASS] status running=True
  [PASS] status current_tick=42
  [PASS] status total_cost rounded
  [PASS] tick_history default 10
  [PASS] tick_history total_recorded
  [PASS] tick_history limit=3
  [PASS] tick_history latest ticks
  [PASS] pause not running → ok=False
  [PASS] pause not running reason
  [PASS] pause running → ok=True
  [PASS] state.paused = True
  [PASS] resume paused → ok=True
  [PASS] state.paused = False
  [PASS] resume not paused → ok=False
  [PASS] resume not paused reason
  [PASS] unknown action → error
  [PASS] no action → status
  [PASS] mutated running
  [PASS] mutated started_at
  [PASS] mutated error_streak
  [PASS] mutated last_error
  [PASS] mutated current_loop

=== TORTURE: AGI Journal — persist / load / narrative ===
  [PASS] journal empty after reset
  [PASS] 1 journal entry
  [PASS] entry content matches
  [PASS] 10 journal entries
  [PASS] to_dict has recent_journal
  [PASS] recent_journal is list
  [PASS] recent_journal len=10
  [PASS] recent_journal capped at 20
  [PASS] recent_journal has latest
  [PASS] journal capped at 500
  [PASS] oldest entry is 20
  [PASS] newest entry is 519
  [PASS] journal JSONL created
  [PASS] 5 lines in JSONL
  [PASS] JSONL line 0 correct
  [PASS] cleared in-memory
  [PASS] reloaded 5 entries
  [PASS] reload content correct
  [PASS] clear_journal empties list
  [PASS] clear_journal deletes file
  [PASS] reload after clear is empty
  [PASS] corrupt JSONL handled gracefully
  [PASS] empty file → no entries
  [PASS] reload caps at 500
  [PASS] reload oldest is L50

  --- _build_tick_narrative sub-tests ---
  [PASS] narrative error contains msg
  [PASS] narrative error is string
  [PASS] narrative single tool
  [PASS] narrative response excerpt
  [PASS] narrative multi tools — and
  [PASS] narrative multi has web.search
  [PASS] narrative multi has echo
  [PASS] narrative dedup tools
  [PASS] narrative no response
  [PASS] narrative long truncated
  [PASS] narrative bare response
  [PASS] narrative empty result
  [PASS] narrative ≤2 sentences
  [PASS] error trumps response
  [PASS] error trumps tools
  [PASS] long error truncated

=== TORTURE: AGI Loop Template — Journal Elements ===
  [PASS] Journal tab button
  [PASS] Journal tab text
  [PASS] panel-journal div
  [PASS] journal agent filter
  [PASS] journal errors-only
  [PASS] journalRefresh function
  [PASS] journalRender function
  [PASS] journalClear function
  [PASS] journal API fetch
  [PASS] auto-refresh interval
  [PASS] entry count element
  [PASS] JSONL file reference
  [PASS] journal tab link

=== TORTURE: Email Tool — Full Coverage ===
  [PASS] email def name
  [PASS] email def has description
  [PASS] action in params
  [PASS] subject in params
  [PASS] body in params
  [PASS] recipients in params
  [PASS] account_id in params
  [PASS] confirmation in params
  [PASS] action required
  [PASS] 3 actions
  [PASS] action 'send'
  [PASS] action 'status'
  [PASS] action 'accounts'
  [PASS] no accounts initially
  [PASS] no raw accounts
  [PASS] default account → None
  [PASS] user account → None
  [PASS] agent default → None
  [PASS] account by id → None
  [PASS] cfg has api_base_url
  [PASS] cfg has timeout
  [PASS] cfg require_confirmation default True
  [PASS] cfg accounts empty
  [PASS] acct1 got id
  [PASS] acct1 label
  [PASS] 1 account now
  [PASS] password masked
  [PASS] password_set True
  [PASS] default → acct1
  [PASS] acct2 created
  [PASS] 2 accounts now
  [PASS] agent default astraea
  [PASS] user account → acct2
  [PASS] lookup by id
  [PASS] update preserves password
  [PASS] update changes label
  [PASS] acct1 no longer default
  [PASS] acct2 now default
  [PASS] acct2 lost agent_default
  [PASS] acct3 has agent_default
  [PASS] delete acct3
  [PASS] delete nonexistent
  [PASS] 2 accounts remain
  [PASS] exec accounts has list
  [PASS] exec accounts total
  [PASS] exec status has accounts_configured
  [PASS] exec status api field
  [PASS] exec unknown action → error
  [PASS] send no subject → error
  [PASS] send error mentions subject
  [PASS] send no body → error
  [PASS] send no recipients → error
  [PASS] send empty recipients → error
  [PASS] send invalid email → error
  [PASS] send error names bad addr
  [PASS] send mixed addrs → error
  [PASS] send bad account_id → error
  [PASS] send gate=awaiting
  [PASS] gate has preview
  [PASS] preview has from_email
  [PASS] preview has subject
  [PASS] preview has recipients
  [PASS] agent_name resolves to astraea account
  [PASS] no gate when disabled
  [PASS] send attempted (no gate)
  [PASS] confirmed bypasses gate
  [PASS] confirmed attempts send
  [PASS] no password -> incomplete error
  [PASS] error mentions credentials
  [PASS] all accounts deleted
  [PASS] send with no accounts -> error
  [PASS] error mentions no accounts
  [PASS] 0 accounts message
  [PASS] whitespace subject -> error
  [PASS] whitespace body -> error
  [PASS] effective_config masks pwd

=== TORTURE: DirectivesTool — All 5 Actions + _resolve_scopes ===
  [PASS] dt def name
  [PASS] dt def has description
  [PASS] dt 5 actions
  [PASS] dt action 'search'
  [PASS] dt action 'list'
  [PASS] dt action 'get'
  [PASS] dt action 'manifest'
  [PASS] dt action 'changes'

  -- _resolve_scopes --
  [PASS] resolve None → all SCOPES
  [PASS] resolve None → list
  [PASS] resolve None includes 'shared'
  [PASS] resolve 'astraea' → 2 items
  [PASS] resolve astraea has shared
  [PASS] resolve astraea has astraea
  [PASS] resolve 'shared' → ['shared']
  [PASS] resolve case insensitive
  [PASS] resolve case → shared present
  [PASS] SCOPES imported
  [PASS] SCOPES is tuple/list
  [PASS] SCOPES has shared
  [PASS] dt search ok
  [PASS] dt search has count
  [PASS] dt search has sections
  [PASS] dt search no query → error
  [PASS] dt search limit=1
  [PASS] dt search scoped ok
  [PASS] dt search scoped finds result
  [PASS] dt search scoped scope=astraea
  [PASS] dt list ok
  [PASS] dt list count = 5 total
  [PASS] dt list has headings
  [PASS] dt list shared only count=3
  [PASS] dt get ok
  [PASS] dt get heading
  [PASS] dt get body
  [PASS] dt get scope
  [PASS] dt get agent section ok
  [PASS] dt get agent heading
  [PASS] dt get agent scope
  [PASS] dt get no heading → error
  [PASS] dt get missing → not_found
  [PASS] dt manifest ok
  [PASS] dt manifest has count
  [PASS] dt manifest has directives
  [PASS] dt manifest scoped ok
  [PASS] dt manifest scoped entry scope=shared
  [PASS] dt manifest scoped entry scope=shared
  [PASS] dt manifest scoped entry scope=shared
  [PASS] dt manifest scoped entry scope=shared
  [PASS] dt manifest scoped entry scope=shared
  [PASS] dt manifest scoped entry scope=shared
  [PASS] dt manifest scoped entry scope=shared
  [PASS] dt manifest scoped entry scope=shared
  [PASS] dt manifest scoped entry scope=shared
  [PASS] dt manifest scoped entry scope=shared
  [PASS] dt manifest scoped entry scope=astraea
  [PASS] dt manifest scoped entry scope=astraea
  [PASS] dt manifest scoped entry scope=astraea
  [PASS] dt manifest scoped entry scope=astraea
  [PASS] dt manifest scoped entry scope=astraea
  [PASS] dt manifest scoped entry scope=astraea
  [PASS] dt manifest scoped entry scope=astraea
  [PASS] dt manifest scoped entry scope=astraea
  [PASS] dt changes ok
  [PASS] dt changes has totals
  [PASS] dt changes has added list
  [PASS] dt changes has removed list
  [PASS] dt changes has changed list
  [PASS] dt unknown action → error
  [PASS] dt unknown msg mentions action

=== TORTURE: Tool Registry — Dispatch & Resolution ===
  [PASS] registry: list returns list
  [PASS] registry: 11 tools
  [PASS] registry: has 'echo'
  [PASS] registry: has 'memory'
  [PASS] registry: has 'directives'
  [PASS] registry: has 'cost_tracker'
  [PASS] registry: has 'continuation_update'
  [PASS] registry: has 'web_search'
  [PASS] registry: has 'email'
  [PASS] registry: has 'inbox'
  [PASS] registry: has 'runtime_info'
  [PASS] registry: has 'agi_loop'
  [PASS] registry: has 'model_router'
  [PASS] resolve echo → dict
  [PASS] resolve echo has type
  [PASS] resolve echo has function.name
  [PASS] resolve unknown → None
  [PASS] execute echo
  [PASS] execute unknown → KeyError
  [PASS] execute with agent_name

=== TORTURE: validate_manifest — Full Coverage ===
  [PASS] generated manifest has directives
  [PASS] valid manifest → valid
  [PASS] valid manifest → 0 errors
  [PASS] missing top key → invalid
  [PASS] error mentions hash_algo
  [PASS] missing entry key → invalid
  [PASS] error mentions sha256
  [PASS] bad scope → invalid
  [PASS] bad status → invalid
  [PASS] bad risk → invalid
  [PASS] duplicate id → invalid
  [PASS] error mentions duplicate
  [PASS] directives not list → invalid

=== TORTURE: audit_changes — Live vs Persisted ===
  [PASS] no persisted → all added
  [PASS] no persisted → 0 removed
  [PASS] matching → 0 added
  [PASS] matching → 0 removed
  [PASS] matching → 0 changed
  [PASS] matching → 2 unchanged
  [PASS] modified → 1 changed
  [PASS] new rule → 1 added
  [PASS] unchanged → 1

=== TORTURE: CostTrackerTool — Pricing Actions ===
  [PASS] get_pricing empty → providers dict
  [PASS] set_pricing ok
  [PASS] set_pricing provider
  [PASS] set_pricing model
  [PASS] set_pricing input
  [PASS] set_pricing output
  [PASS] get_pricing specific
  [PASS] get_pricing provider
  [PASS] set_pricing missing → error
  [PASS] set_pricing cached
  [PASS] list_models empty
  [PASS] list_models has Ollama
  [PASS] list_models disabled excluded
  [PASS] list_models models list

=== TORTURE: WebSearchTool — Extended Coverage ===
  [PASS] remove_emojis basic
  [PASS] remove_emojis no emoji char
  [PASS] remove_emojis multiple
  [PASS] remove_emojis empty
  [PASS] remove_emojis no emoji
  [PASS] remove_emojis keeps CJK
  [PASS] ws def name
  [PASS] ws def has description
  [PASS] ws action in params
  [PASS] ws query in params
  [PASS] ws url in params
  [PASS] ws mode in params
  [PASS] ws knowledge_check in params
  [PASS] ws reason in params
  [PASS] ws 2 actions
  [PASS] ws action search
  [PASS] ws action scrape
  [PASS] cfg has searxng_url
  [PASS] cfg has ignored_sites
  [PASS] cfg has require_justification
  [PASS] cfg has modes
  [PASS] cfg mode 'fast' present
  [PASS] cfg mode 'fast' has pages
  [PASS] cfg mode 'normal' present
  [PASS] cfg mode 'normal' has pages
  [PASS] cfg mode 'deep' present
  [PASS] cfg mode 'deep' has pages
  [PASS] knowledge gate blocked
  [PASS] knowledge gate missing reason
  [PASS] scrape no url → error
  [PASS] scrape empty url → error

=== TORTURE: Metering — Extended Helpers ===
  [PASS] zero_metering usage
  [PASS] zero_metering cost
  [PASS] zero_metering model
  [PASS] zero_metering provider
  [PASS] zero + zero = zero
  [PASS] get_price exact input
  [PASS] get_price exact output
  [PASS] get_price prefix match
  [PASS] get_price default fallback
  [PASS] get_price unknown provider → 0
  [PASS] compute_cost input
  [PASS] compute_cost output
  [PASS] compute_cost total
  [PASS] cached reduces input cost
  [PASS] meter_response model
  [PASS] meter_response not estimated
  [PASS] meter_response prompt_tokens
  [PASS] meter_response estimated
  [PASS] meter_response est prompt > 0
  [PASS] meter_from_raw prompt
  [PASS] meter_from_raw cost > 0
  [PASS] meter_from_raw cached
  [PASS] metering to_dict has usage
  [PASS] metering to_dict has cost
  [PASS] metering round-trip model
  [PASS] metering round-trip tokens
  [PASS] token_usage round-trip
  [PASS] cost_breakdown round-trip
  [PASS] reset_pricing_cache ok

=== TORTURE: LLM Client Factory ===
  [PASS] factory has openai
  [PASS] factory has deepseek
  [PASS] factory has ollama
  [PASS] factory has anthropic
  [PASS] factory openai → LLMClient
  [PASS] factory deepseek → LLMClient
  [PASS] factory ollama → LLMClient
  [PASS] factory anthropic → LLMClient
  [PASS] factory unknown → ValueError

=== TORTURE: App — Memory Tag Helpers ===
  [PASS] strip basic tag
  [PASS] strip preserves text
  [PASS] strip category tag
  [PASS] strip category preserves
  [PASS] strip multiple tags
  [PASS] strip multiple preserves
  [PASS] strip no tags → unchanged
  [PASS] strip empty → empty
  [PASS] extract has match
  [PASS] extract category
  [PASS] extract text
  [PASS] extract multiple

=== TORTURE: Seed UI Knowledge — Structure ===
  [PASS] MEMORIES is list
  [PASS] MEMORIES not empty
  [PASS] MEMORIES > 30 entries
  [PASS] MEMORIES[0] has tags
  [PASS] MEMORIES[0] has source
  [PASS] MEMORIES[0] has tier
  [PASS] MEMORIES[0] has scope
  [PASS] MEMORIES[0] has category
  [PASS] MEMORIES[0] has text
  [PASS] MEMORIES[0] text non-empty
  [PASS] MEMORIES[0] tier valid
  [PASS] MEMORIES[0] source valid
  [PASS] MEMORIES[0] tags is list
  [PASS] MEMORIES[0] tags non-empty
  [PASS] MEMORIES[0] scope is str
  [PASS] MEMORIES[1] has tags
  [PASS] MEMORIES[1] has source
  [PASS] MEMORIES[1] has tier
  [PASS] MEMORIES[1] has scope
  [PASS] MEMORIES[1] has category
  [PASS] MEMORIES[1] has text
  [PASS] MEMORIES[1] text non-empty
  [PASS] MEMORIES[1] tier valid
  [PASS] MEMORIES[1] source valid
  [PASS] MEMORIES[1] tags is list
  [PASS] MEMORIES[1] tags non-empty
  [PASS] MEMORIES[1] scope is str
  [PASS] MEMORIES[2] has tags
  [PASS] MEMORIES[2] has source
  [PASS] MEMORIES[2] has tier
  [PASS] MEMORIES[2] has scope
  [PASS] MEMORIES[2] has category
  [PASS] MEMORIES[2] has text
  [PASS] MEMORIES[2] text non-empty
  [PASS] MEMORIES[2] tier valid
  [PASS] MEMORIES[2] source valid
  [PASS] MEMORIES[2] tags is list
  [PASS] MEMORIES[2] tags non-empty
  [PASS] MEMORIES[2] scope is str
  [PASS] MEMORIES[3] has tags
  [PASS] MEMORIES[3] has source
  [PASS] MEMORIES[3] has tier
  [PASS] MEMORIES[3] has scope
  [PASS] MEMORIES[3] has category
  [PASS] MEMORIES[3] has text
  [PASS] MEMORIES[3] text non-empty
  [PASS] MEMORIES[3] tier valid
  [PASS] MEMORIES[3] source valid
  [PASS] MEMORIES[3] tags is list
  [PASS] MEMORIES[3] tags non-empty
  [PASS] MEMORIES[3] scope is str
  [PASS] MEMORIES[4] has tags
  [PASS] MEMORIES[4] has source
  [PASS] MEMORIES[4] has tier
  [PASS] MEMORIES[4] has scope
  [PASS] MEMORIES[4] has category
  [PASS] MEMORIES[4] has text
  [PASS] MEMORIES[4] text non-empty
  [PASS] MEMORIES[4] tier valid
  [PASS] MEMORIES[4] source valid
  [PASS] MEMORIES[4] tags is list
  [PASS] MEMORIES[4] tags non-empty
  [PASS] MEMORIES[4] scope is str
  [PASS] MEMORIES[5] has tags
  [PASS] MEMORIES[5] has source
  [PASS] MEMORIES[5] has tier
  [PASS] MEMORIES[5] has scope
  [PASS] MEMORIES[5] has category
  [PASS] MEMORIES[5] has text
  [PASS] MEMORIES[5] text non-empty
  [PASS] MEMORIES[5] tier valid
  [PASS] MEMORIES[5] source valid
  [PASS] MEMORIES[5] tags is list
  [PASS] MEMORIES[5] tags non-empty
  [PASS] MEMORIES[5] scope is str
  [PASS] MEMORIES[6] has tags
  [PASS] MEMORIES[6] has source
  [PASS] MEMORIES[6] has tier
  [PASS] MEMORIES[6] has scope
  [PASS] MEMORIES[6] has category
  [PASS] MEMORIES[6] has text
  [PASS] MEMORIES[6] text non-empty
  [PASS] MEMORIES[6] tier valid
  [PASS] MEMORIES[6] source valid
  [PASS] MEMORIES[6] tags is list
  [PASS] MEMORIES[6] tags non-empty
  [PASS] MEMORIES[6] scope is str
  [PASS] MEMORIES[7] has tags
  [PASS] MEMORIES[7] has source
  [PASS] MEMORIES[7] has tier
  [PASS] MEMORIES[7] has scope
  [PASS] MEMORIES[7] has category
  [PASS] MEMORIES[7] has text
  [PASS] MEMORIES[7] text non-empty
  [PASS] MEMORIES[7] tier valid
  [PASS] MEMORIES[7] source valid
  [PASS] MEMORIES[7] tags is list
  [PASS] MEMORIES[7] tags non-empty
  [PASS] MEMORIES[7] scope is str
  [PASS] MEMORIES[8] has tags
  [PASS] MEMORIES[8] has source
  [PASS] MEMORIES[8] has tier
  [PASS] MEMORIES[8] has scope
  [PASS] MEMORIES[8] has category
  [PASS] MEMORIES[8] has text
  [PASS] MEMORIES[8] text non-empty
  [PASS] MEMORIES[8] tier valid
  [PASS] MEMORIES[8] source valid
  [PASS] MEMORIES[8] tags is list
  [PASS] MEMORIES[8] tags non-empty
  [PASS] MEMORIES[8] scope is str
  [PASS] MEMORIES[9] has tags
  [PASS] MEMORIES[9] has source
  [PASS] MEMORIES[9] has tier
  [PASS] MEMORIES[9] has scope
  [PASS] MEMORIES[9] has category
  [PASS] MEMORIES[9] has text
  [PASS] MEMORIES[9] text non-empty
  [PASS] MEMORIES[9] tier valid
  [PASS] MEMORIES[9] source valid
  [PASS] MEMORIES[9] tags is list
  [PASS] MEMORIES[9] tags non-empty
  [PASS] MEMORIES[9] scope is str
  [PASS] MEMORIES[10] has tags
  [PASS] MEMORIES[10] has source
  [PASS] MEMORIES[10] has tier
  [PASS] MEMORIES[10] has scope
  [PASS] MEMORIES[10] has category
  [PASS] MEMORIES[10] has text
  [PASS] MEMORIES[10] text non-empty
  [PASS] MEMORIES[10] tier valid
  [PASS] MEMORIES[10] source valid
  [PASS] MEMORIES[10] tags is list
  [PASS] MEMORIES[10] tags non-empty
  [PASS] MEMORIES[10] scope is str
  [PASS] MEMORIES[11] has tags
  [PASS] MEMORIES[11] has source
  [PASS] MEMORIES[11] has tier
  [PASS] MEMORIES[11] has scope
  [PASS] MEMORIES[11] has category
  [PASS] MEMORIES[11] has text
  [PASS] MEMORIES[11] text non-empty
  [PASS] MEMORIES[11] tier valid
  [PASS] MEMORIES[11] source valid
  [PASS] MEMORIES[11] tags is list
  [PASS] MEMORIES[11] tags non-empty
  [PASS] MEMORIES[11] scope is str
  [PASS] MEMORIES[12] has tags
  [PASS] MEMORIES[12] has source
  [PASS] MEMORIES[12] has tier
  [PASS] MEMORIES[12] has scope
  [PASS] MEMORIES[12] has category
  [PASS] MEMORIES[12] has text
  [PASS] MEMORIES[12] text non-empty
  [PASS] MEMORIES[12] tier valid
  [PASS] MEMORIES[12] source valid
  [PASS] MEMORIES[12] tags is list
  [PASS] MEMORIES[12] tags non-empty
  [PASS] MEMORIES[12] scope is str
  [PASS] MEMORIES[13] has tags
  [PASS] MEMORIES[13] has source
  [PASS] MEMORIES[13] has tier
  [PASS] MEMORIES[13] has scope
  [PASS] MEMORIES[13] has category
  [PASS] MEMORIES[13] has text
  [PASS] MEMORIES[13] text non-empty
  [PASS] MEMORIES[13] tier valid
  [PASS] MEMORIES[13] source valid
  [PASS] MEMORIES[13] tags is list
  [PASS] MEMORIES[13] tags non-empty
  [PASS] MEMORIES[13] scope is str
  [PASS] MEMORIES[14] has tags
  [PASS] MEMORIES[14] has source
  [PASS] MEMORIES[14] has tier
  [PASS] MEMORIES[14] has scope
  [PASS] MEMORIES[14] has category
  [PASS] MEMORIES[14] has text
  [PASS] MEMORIES[14] text non-empty
  [PASS] MEMORIES[14] tier valid
  [PASS] MEMORIES[14] source valid
  [PASS] MEMORIES[14] tags is list
  [PASS] MEMORIES[14] tags non-empty
  [PASS] MEMORIES[14] scope is str
  [PASS] MEMORIES[15] has tags
  [PASS] MEMORIES[15] has source
  [PASS] MEMORIES[15] has tier
  [PASS] MEMORIES[15] has scope
  [PASS] MEMORIES[15] has category
  [PASS] MEMORIES[15] has text
  [PASS] MEMORIES[15] text non-empty
  [PASS] MEMORIES[15] tier valid
  [PASS] MEMORIES[15] source valid
  [PASS] MEMORIES[15] tags is list
  [PASS] MEMORIES[15] tags non-empty
  [PASS] MEMORIES[15] scope is str
  [PASS] MEMORIES[16] has tags
  [PASS] MEMORIES[16] has source
  [PASS] MEMORIES[16] has tier
  [PASS] MEMORIES[16] has scope
  [PASS] MEMORIES[16] has category
  [PASS] MEMORIES[16] has text
  [PASS] MEMORIES[16] text non-empty
  [PASS] MEMORIES[16] tier valid
  [PASS] MEMORIES[16] source valid
  [PASS] MEMORIES[16] tags is list
  [PASS] MEMORIES[16] tags non-empty
  [PASS] MEMORIES[16] scope is str
  [PASS] MEMORIES[17] has tags
  [PASS] MEMORIES[17] has source
  [PASS] MEMORIES[17] has tier
  [PASS] MEMORIES[17] has scope
  [PASS] MEMORIES[17] has category
  [PASS] MEMORIES[17] has text
  [PASS] MEMORIES[17] text non-empty
  [PASS] MEMORIES[17] tier valid
  [PASS] MEMORIES[17] source valid
  [PASS] MEMORIES[17] tags is list
  [PASS] MEMORIES[17] tags non-empty
  [PASS] MEMORIES[17] scope is str
  [PASS] MEMORIES[18] has tags
  [PASS] MEMORIES[18] has source
  [PASS] MEMORIES[18] has tier
  [PASS] MEMORIES[18] has scope
  [PASS] MEMORIES[18] has category
  [PASS] MEMORIES[18] has text
  [PASS] MEMORIES[18] text non-empty
  [PASS] MEMORIES[18] tier valid
  [PASS] MEMORIES[18] source valid
  [PASS] MEMORIES[18] tags is list
  [PASS] MEMORIES[18] tags non-empty
  [PASS] MEMORIES[18] scope is str
  [PASS] MEMORIES[19] has tags
  [PASS] MEMORIES[19] has source
  [PASS] MEMORIES[19] has tier
  [PASS] MEMORIES[19] has scope
  [PASS] MEMORIES[19] has category
  [PASS] MEMORIES[19] has text
  [PASS] MEMORIES[19] text non-empty
  [PASS] MEMORIES[19] tier valid
  [PASS] MEMORIES[19] source valid
  [PASS] MEMORIES[19] tags is list
  [PASS] MEMORIES[19] tags non-empty
  [PASS] MEMORIES[19] scope is str
  [PASS] MEMORIES[20] has tags
  [PASS] MEMORIES[20] has source
  [PASS] MEMORIES[20] has tier
  [PASS] MEMORIES[20] has scope
  [PASS] MEMORIES[20] has category
  [PASS] MEMORIES[20] has text
  [PASS] MEMORIES[20] text non-empty
  [PASS] MEMORIES[20] tier valid
  [PASS] MEMORIES[20] source valid
  [PASS] MEMORIES[20] tags is list
  [PASS] MEMORIES[20] tags non-empty
  [PASS] MEMORIES[20] scope is str
  [PASS] MEMORIES[21] has tags
  [PASS] MEMORIES[21] has source
  [PASS] MEMORIES[21] has tier
  [PASS] MEMORIES[21] has scope
  [PASS] MEMORIES[21] has category
  [PASS] MEMORIES[21] has text
  [PASS] MEMORIES[21] text non-empty
  [PASS] MEMORIES[21] tier valid
  [PASS] MEMORIES[21] source valid
  [PASS] MEMORIES[21] tags is list
  [PASS] MEMORIES[21] tags non-empty
  [PASS] MEMORIES[21] scope is str
  [PASS] MEMORIES[22] has tags
  [PASS] MEMORIES[22] has source
  [PASS] MEMORIES[22] has tier
  [PASS] MEMORIES[22] has scope
  [PASS] MEMORIES[22] has category
  [PASS] MEMORIES[22] has text
  [PASS] MEMORIES[22] text non-empty
  [PASS] MEMORIES[22] tier valid
  [PASS] MEMORIES[22] source valid
  [PASS] MEMORIES[22] tags is list
  [PASS] MEMORIES[22] tags non-empty
  [PASS] MEMORIES[22] scope is str
  [PASS] MEMORIES[23] has tags
  [PASS] MEMORIES[23] has source
  [PASS] MEMORIES[23] has tier
  [PASS] MEMORIES[23] has scope
  [PASS] MEMORIES[23] has category
  [PASS] MEMORIES[23] has text
  [PASS] MEMORIES[23] text non-empty
  [PASS] MEMORIES[23] tier valid
  [PASS] MEMORIES[23] source valid
  [PASS] MEMORIES[23] tags is list
  [PASS] MEMORIES[23] tags non-empty
  [PASS] MEMORIES[23] scope is str
  [PASS] MEMORIES[24] has tags
  [PASS] MEMORIES[24] has source
  [PASS] MEMORIES[24] has tier
  [PASS] MEMORIES[24] has scope
  [PASS] MEMORIES[24] has category
  [PASS] MEMORIES[24] has text
  [PASS] MEMORIES[24] text non-empty
  [PASS] MEMORIES[24] tier valid
  [PASS] MEMORIES[24] source valid
  [PASS] MEMORIES[24] tags is list
  [PASS] MEMORIES[24] tags non-empty
  [PASS] MEMORIES[24] scope is str
  [PASS] MEMORIES[25] has tags
  [PASS] MEMORIES[25] has source
  [PASS] MEMORIES[25] has tier
  [PASS] MEMORIES[25] has scope
  [PASS] MEMORIES[25] has category
  [PASS] MEMORIES[25] has text
  [PASS] MEMORIES[25] text non-empty
  [PASS] MEMORIES[25] tier valid
  [PASS] MEMORIES[25] source valid
  [PASS] MEMORIES[25] tags is list
  [PASS] MEMORIES[25] tags non-empty
  [PASS] MEMORIES[25] scope is str
  [PASS] MEMORIES[26] has tags
  [PASS] MEMORIES[26] has source
  [PASS] MEMORIES[26] has tier
  [PASS] MEMORIES[26] has scope
  [PASS] MEMORIES[26] has category
  [PASS] MEMORIES[26] has text
  [PASS] MEMORIES[26] text non-empty
  [PASS] MEMORIES[26] tier valid
  [PASS] MEMORIES[26] source valid
  [PASS] MEMORIES[26] tags is list
  [PASS] MEMORIES[26] tags non-empty
  [PASS] MEMORIES[26] scope is str
  [PASS] MEMORIES[27] has tags
  [PASS] MEMORIES[27] has source
  [PASS] MEMORIES[27] has tier
  [PASS] MEMORIES[27] has scope
  [PASS] MEMORIES[27] has category
  [PASS] MEMORIES[27] has text
  [PASS] MEMORIES[27] text non-empty
  [PASS] MEMORIES[27] tier valid
  [PASS] MEMORIES[27] source valid
  [PASS] MEMORIES[27] tags is list
  [PASS] MEMORIES[27] tags non-empty
  [PASS] MEMORIES[27] scope is str
  [PASS] MEMORIES[28] has tags
  [PASS] MEMORIES[28] has source
  [PASS] MEMORIES[28] has tier
  [PASS] MEMORIES[28] has scope
  [PASS] MEMORIES[28] has category
  [PASS] MEMORIES[28] has text
  [PASS] MEMORIES[28] text non-empty
  [PASS] MEMORIES[28] tier valid
  [PASS] MEMORIES[28] source valid
  [PASS] MEMORIES[28] tags is list
  [PASS] MEMORIES[28] tags non-empty
  [PASS] MEMORIES[28] scope is str
  [PASS] MEMORIES[29] has tags
  [PASS] MEMORIES[29] has source
  [PASS] MEMORIES[29] has tier
  [PASS] MEMORIES[29] has scope
  [PASS] MEMORIES[29] has category
  [PASS] MEMORIES[29] has text
  [PASS] MEMORIES[29] text non-empty
  [PASS] MEMORIES[29] tier valid
  [PASS] MEMORIES[29] source valid
  [PASS] MEMORIES[29] tags is list
  [PASS] MEMORIES[29] tags non-empty
  [PASS] MEMORIES[29] scope is str
  [PASS] MEMORIES[30] has tags
  [PASS] MEMORIES[30] has source
  [PASS] MEMORIES[30] has tier
  [PASS] MEMORIES[30] has scope
  [PASS] MEMORIES[30] has category
  [PASS] MEMORIES[30] has text
  [PASS] MEMORIES[30] text non-empty
  [PASS] MEMORIES[30] tier valid
  [PASS] MEMORIES[30] source valid
  [PASS] MEMORIES[30] tags is list
  [PASS] MEMORIES[30] tags non-empty
  [PASS] MEMORIES[30] scope is str
  [PASS] MEMORIES[31] has tags
  [PASS] MEMORIES[31] has source
  [PASS] MEMORIES[31] has tier
  [PASS] MEMORIES[31] has scope
  [PASS] MEMORIES[31] has category
  [PASS] MEMORIES[31] has text
  [PASS] MEMORIES[31] text non-empty
  [PASS] MEMORIES[31] tier valid
  [PASS] MEMORIES[31] source valid
  [PASS] MEMORIES[31] tags is list
  [PASS] MEMORIES[31] tags non-empty
  [PASS] MEMORIES[31] scope is str
  [PASS] MEMORIES[32] has tags
  [PASS] MEMORIES[32] has source
  [PASS] MEMORIES[32] has tier
  [PASS] MEMORIES[32] has scope
  [PASS] MEMORIES[32] has category
  [PASS] MEMORIES[32] has text
  [PASS] MEMORIES[32] text non-empty
  [PASS] MEMORIES[32] tier valid
  [PASS] MEMORIES[32] source valid
  [PASS] MEMORIES[32] tags is list
  [PASS] MEMORIES[32] tags non-empty
  [PASS] MEMORIES[32] scope is str
  [PASS] MEMORIES[33] has tags
  [PASS] MEMORIES[33] has source
  [PASS] MEMORIES[33] has tier
  [PASS] MEMORIES[33] has scope
  [PASS] MEMORIES[33] has category
  [PASS] MEMORIES[33] has text
  [PASS] MEMORIES[33] text non-empty
  [PASS] MEMORIES[33] tier valid
  [PASS] MEMORIES[33] source valid
  [PASS] MEMORIES[33] tags is list
  [PASS] MEMORIES[33] tags non-empty
  [PASS] MEMORIES[33] scope is str
  [PASS] MEMORIES[34] has tags
  [PASS] MEMORIES[34] has source
  [PASS] MEMORIES[34] has tier
  [PASS] MEMORIES[34] has scope
  [PASS] MEMORIES[34] has category
  [PASS] MEMORIES[34] has text
  [PASS] MEMORIES[34] text non-empty
  [PASS] MEMORIES[34] tier valid
  [PASS] MEMORIES[34] source valid
  [PASS] MEMORIES[34] tags is list
  [PASS] MEMORIES[34] tags non-empty
  [PASS] MEMORIES[34] scope is str
  [PASS] MEMORIES[35] has tags
  [PASS] MEMORIES[35] has source
  [PASS] MEMORIES[35] has tier
  [PASS] MEMORIES[35] has scope
  [PASS] MEMORIES[35] has category
  [PASS] MEMORIES[35] has text
  [PASS] MEMORIES[35] text non-empty
  [PASS] MEMORIES[35] tier valid
  [PASS] MEMORIES[35] source valid
  [PASS] MEMORIES[35] tags is list
  [PASS] MEMORIES[35] tags non-empty
  [PASS] MEMORIES[35] scope is str
  [PASS] MEMORIES[36] has tags
  [PASS] MEMORIES[36] has source
  [PASS] MEMORIES[36] has tier
  [PASS] MEMORIES[36] has scope
  [PASS] MEMORIES[36] has category
  [PASS] MEMORIES[36] has text
  [PASS] MEMORIES[36] text non-empty
  [PASS] MEMORIES[36] tier valid
  [PASS] MEMORIES[36] source valid
  [PASS] MEMORIES[36] tags is list
  [PASS] MEMORIES[36] tags non-empty
  [PASS] MEMORIES[36] scope is str
  [PASS] MEMORIES[37] has tags
  [PASS] MEMORIES[37] has source
  [PASS] MEMORIES[37] has tier
  [PASS] MEMORIES[37] has scope
  [PASS] MEMORIES[37] has category
  [PASS] MEMORIES[37] has text
  [PASS] MEMORIES[37] text non-empty
  [PASS] MEMORIES[37] tier valid
  [PASS] MEMORIES[37] source valid
  [PASS] MEMORIES[37] tags is list
  [PASS] MEMORIES[37] tags non-empty
  [PASS] MEMORIES[37] scope is str
  [PASS] MEMORIES[38] has tags
  [PASS] MEMORIES[38] has source
  [PASS] MEMORIES[38] has tier
  [PASS] MEMORIES[38] has scope
  [PASS] MEMORIES[38] has category
  [PASS] MEMORIES[38] has text
  [PASS] MEMORIES[38] text non-empty
  [PASS] MEMORIES[38] tier valid
  [PASS] MEMORIES[38] source valid
  [PASS] MEMORIES[38] tags is list
  [PASS] MEMORIES[38] tags non-empty
  [PASS] MEMORIES[38] scope is str
  [PASS] MEMORIES[39] has tags
  [PASS] MEMORIES[39] has source
  [PASS] MEMORIES[39] has tier
  [PASS] MEMORIES[39] has scope
  [PASS] MEMORIES[39] has category
  [PASS] MEMORIES[39] has text
  [PASS] MEMORIES[39] text non-empty
  [PASS] MEMORIES[39] tier valid
  [PASS] MEMORIES[39] source valid
  [PASS] MEMORIES[39] tags is list
  [PASS] MEMORIES[39] tags non-empty
  [PASS] MEMORIES[39] scope is str
  [PASS] MEMORIES[40] has tags
  [PASS] MEMORIES[40] has source
  [PASS] MEMORIES[40] has tier
  [PASS] MEMORIES[40] has scope
  [PASS] MEMORIES[40] has category
  [PASS] MEMORIES[40] has text
  [PASS] MEMORIES[40] text non-empty
  [PASS] MEMORIES[40] tier valid
  [PASS] MEMORIES[40] source valid
  [PASS] MEMORIES[40] tags is list
  [PASS] MEMORIES[40] tags non-empty
  [PASS] MEMORIES[40] scope is str
  [PASS] MEMORIES[41] has tags
  [PASS] MEMORIES[41] has source
  [PASS] MEMORIES[41] has tier
  [PASS] MEMORIES[41] has scope
  [PASS] MEMORIES[41] has category
  [PASS] MEMORIES[41] has text
  [PASS] MEMORIES[41] text non-empty
  [PASS] MEMORIES[41] tier valid
  [PASS] MEMORIES[41] source valid
  [PASS] MEMORIES[41] tags is list
  [PASS] MEMORIES[41] tags non-empty
  [PASS] MEMORIES[41] scope is str
  [PASS] has meta category
  [PASS] has capability category
  [PASS] multiple categories
  [PASS] most have 'ui' tag

=== TORTURE: Metering — Data Class Operations ===
  [PASS] usage add prompt
  [PASS] usage add completion
  [PASS] usage add total
  [PASS] usage add estimated propagation
  [PASS] cost add input
  [PASS] cost add cached
  [PASS] cost add output
  [PASS] cost add total
  [PASS] cost currency
  [PASS] cost to_dict currency
  [PASS] cost from_dict round-trip
  [PASS] metering add model
  [PASS] metering add provider
  [PASS] metering add usage
  [PASS] empty + filled model

=== TORTURE: InboxTool — Full Coverage ===
  [PASS] inbox def name
  [PASS] inbox def has parameters
  [PASS] inbox def has action
  [PASS] inbox def has type
  [PASS] inbox def has priority
  [PASS] inbox def has subject
  [PASS] inbox def has body
  [PASS] inbox def has task
  [PASS] inbox def has task_id
  [PASS] inbox def has needs_approval
  [PASS] inbox def has dry_run
  [PASS] inbox action enum
  [PASS] unknown action → error
  [PASS] unknown action lists valid
  [PASS] send no subject → error
  [PASS] send no body → error
  [PASS] send empty subject → error
  [PASS] send empty body → error
  [PASS] send subject too long → error
  [PASS] send body too long → error
  [PASS] send invalid type → error
  [PASS] send invalid priority → error
  [PASS] send message ok
  [PASS] send message has id
  [PASS] send warning ok
  [PASS] send tool_request ok
  [PASS] send idea ok (profile as sender)
  [PASS] send default type ok
  [PASS] add_task no task → error
  [PASS] add_task whitespace → error
  [PASS] add_task ok
  [PASS] add_task has id
  [PASS] add_task second ok
  [PASS] add_task dry_run prefix
  [PASS] add_task dry_run no write
  [PASS] next_task found
  [PASS] next_task has first task
  [PASS] next_task second found
  [PASS] next_task has second task
  [PASS] next_task empty
  [PASS] next_task scoped
  [PASS] next_task dry_run
  [PASS] ack no id → error
  [PASS] ack empty id → error
  [PASS] ack nonexistent → error
  [PASS] ack real task ok
  [PASS] ack duplicate → already
  [PASS] ack dry_run
  [PASS] JSONL file exists
  [PASS] JSONL has entries
  [PASS] JSONL all valid JSON with id+created_at
  [PASS] send entry has 'from'
  [PASS] send entry has 'type'
  [PASS] send entry has 'subject'
  [PASS] send entry has 'body'
  [PASS] send entry has 'status'
  [PASS] send entry status is unread
  [PASS] task entries found
  [PASS] task entry has 'task' field
  [PASS] MD file exists
  [PASS] MD has header
  [PASS] MD has entries
  [PASS] MD has subject lines
  [PASS] MD has id refs
  [PASS] MD has message type
  [PASS] MD has warning type
  [PASS] MD has priority tag
  [PASS] MD has approval tag

=== TORTURE: Inbox — Registry Dispatch ===
  [PASS] inbox in registry
  [PASS] registry send ok
  [PASS] registry add_task ok
  [PASS] registry next_task ok

=== TORTURE: inbox_path in data_paths ===
  [PASS] inbox_path is string
  [PASS] inbox_path contains inbox
  [PASS] inbox_path in shared dir
  [PASS] inbox_path ends jsonl
  [PASS] shared dir created

=== TORTURE: Dynamic Scopes ===
  [PASS] VALID_SCOPES is frozenset
  [PASS] 'shared' always in VALID_SCOPES
  [PASS] at least 2 scopes
  [PASS] _discover_scopes returns frozenset
  [PASS] fresh scopes match VALID_SCOPES
  [PASS] scope 'aristotle' discovered
  [PASS] scope 'astra' discovered
  [PASS] scope 'astraea' discovered
  [PASS] scope 'codex_animus' discovered
  [PASS] scope 'dalvarr' discovered
  [PASS] scope 'janus' discovered
  [PASS] scope 'kaelen' discovered
  [PASS] scope 'kairos' discovered
  [PASS] scope 'kazara' discovered
  [PASS] scope 'k_os' discovered
  [PASS] scope 'lux_umbra' discovered
  [PASS] scope 'marcus' discovered
  [PASS] scope 'maris' discovered
  [PASS] scope 'obsidian' discovered
  [PASS] scope 'orion' discovered
  [PASS] scope 'seraphine' discovered
  [PASS] sorted(VALID_SCOPES) is list
  [PASS] sorted scopes are alphabetical
  [PASS] empty dir -> only shared

=== TORTURE: Category Policy ===
  [PASS] policy is dict
  [PASS] policy has mode
  [PASS] policy mode in valid set
  [PASS] policy has suggested_categories
  [PASS] policy has custom_categories
  [PASS] suggested is list
  [PASS] custom is list
  [PASS] suggested mode has enum
  [PASS] suggested mode 3 items
  [PASS] suggested mode sorted
  [PASS] suggested mode desc
  [PASS] custom mode has enum
  [PASS] custom mode merged count 4
  [PASS] custom mode includes custom
  [PASS] custom mode includes suggested
  [PASS] custom mode deduplicates
  [PASS] custom overlap dedup
  [PASS] custom overlap new_one
  [PASS] open mode no enum
  [PASS] open mode 'any' in desc
  [PASS] open mode common cats listed
  [PASS] missing policy defaults to open
  [PASS] missing policy has description
  [PASS] corrupt JSON returns empty dict
  [PASS] corrupt JSON still returns valid field

=== TORTURE: Saved Profile Upgrade ===
  [PASS] default created
  [PASS] default has _pinned
  [PASS] default has name
  [PASS] default has category_policy
  [PASS] default has write_policy
  [PASS] upgrade adds category_policy
  [PASS] upgrade preserves existing name
  [PASS] upgrade preserves write_policy
  [PASS] upgrade keeps _pinned
  [PASS] up-to-date default unchanged
  [PASS] corrupt default doesn't crash
  [PASS] empty loader creates file
  [PASS] empty loader has _pinned
  [PASS] None loader creates file

=== TORTURE: _TOOL_CATALOGUE Dynamic Fields ===
  [PASS] memory tool in catalogue
  [PASS] scope param exists
  [PASS] category param exists
  [PASS] scope enum is list
  [PASS] scope enum matches VALID_SCOPES
  [PASS] scope enum is sorted
  [PASS] 'shared' in scope enum
  [PASS] scope enum has 'aristotle'
  [PASS] scope enum has 'astra'
  [PASS] scope enum has 'astraea'
  [PASS] scope enum has 'codex_animus'
  [PASS] scope enum has 'dalvarr'
  [PASS] scope enum has 'janus'
  [PASS] scope enum has 'kaelen'
  [PASS] scope enum has 'kairos'
  [PASS] scope enum has 'kazara'
  [PASS] scope enum has 'k_os'
  [PASS] scope enum has 'lux_umbra'
  [PASS] scope enum has 'marcus'
  [PASS] scope enum has 'maris'
  [PASS] scope enum has 'obsidian'
  [PASS] scope enum has 'orion'
  [PASS] scope enum has 'seraphine'
  [PASS] category enum is list
  [PASS] category enum has 6 items (5+ellipsis)
  [PASS] category last item is ellipsis
  [PASS] first 5 are sorted
  [PASS] 'bio' in VALID_CATEGORIES
  [PASS] 'capability' in VALID_CATEGORIES
  [PASS] 'constraint' in VALID_CATEGORIES
  [PASS] 'emotion' in VALID_CATEGORIES
  [PASS] 'event' in VALID_CATEGORIES

=== TORTURE: MemoryTool.definition() Dynamic ===
  [PASS] definition scope has enum
  [PASS] definition scope matches VALID_SCOPES
  [PASS] definition scope sorted
  [PASS] definition category has type
  [PASS] definition category has description
  [PASS] open mode no enum in definition
  [PASS] 13 actions in definition
  [PASS] source has enum
  [PASS] source enum sorted

=== TORTURE: Vault Sort Logic — 8 modes, dict & object ===
  [PASS] newest: m4 first (latest created_at)
  [PASS] newest: m3 last (oldest created_at)
  [PASS] oldest: m3 first (earliest)
  [PASS] oldest: m4 last (latest)
  [PASS] scope: reversed=True, shared first
  [PASS] scope: astraea entries last
  [PASS] category: reversed, reflection first
  [PASS] category: goal last
  [PASS] tier: register entries come first (reversed)
  [PASS] alpha: Alpha project first
  [PASS] alpha: Zeta goal last
  [PASS] source: reversed, tool first
  [PASS] updated: m3 first (most recent updated_at)
  [PASS] updated: m1 second
  [PASS] dict newest: same order as obj
  [PASS] dict oldest: same order as obj
  [PASS] dict alpha: same order as obj
  [PASS] dict scope: same order as obj
  [PASS] dict category: same order as obj
  [PASS] dict tier: same order as obj
  [PASS] dict source: same order as obj
  [PASS] dict updated: same order as obj
  [PASS] empty list: no crash
  [PASS] single memory: returns itself
  [PASS] unknown sort mode: defaults to newest
  [PASS] None fields no crash: newest
  [PASS] None fields no crash: oldest
  [PASS] None fields no crash: scope
  [PASS] None fields no crash: category
  [PASS] None fields no crash: tier
  [PASS] None fields no crash: alpha
  [PASS] None fields no crash: source
  [PASS] None fields no crash: updated

=== TORTURE: Vault Max Memory Limit + Utilization ===
  [PASS] 100/5000 = 2%
  [PASS] 5000/5000 = 100%
  [PASS] 6000/5000 = capped 100%
  [PASS] 0/5000 = 0%
  [PASS] 1/500 = 0% (rounds)
  [PASS] 3/500 = 1%
  [PASS] 250/500 = 50%
  [PASS] unlimited (0): 0/0 = 0%
  [PASS] unlimited (0): 5000/0 = 0%
  [PASS] unlimited (0): 999999/0 = 0%
  [PASS] None max: 100/None = 0%
  [PASS] half of 500 = 50%
  [PASS] half of 1,000 = 50%
  [PASS] half of 2,000 = 50%
  [PASS] half of 5,000 = 50%
  [PASS] half of 10,000 = 50%
  [PASS] half of 25,000 = 50%
  [PASS] half of 50,000 = 50%
  [PASS] half of 100,000 = 50%
  [PASS] dropdown has 9 total options (0 + 8 presets)
  [PASS] 0 is first option (Unlimited)
  [PASS] presets are ascending
  [PASS] default stats has 'active_count'
  [PASS] default stats has 'max_active'
  [PASS] default stats has 'utilization_pct'
  [PASS] default stats has 'by_scope'
  [PASS] max_active=0 is unlimited
  [PASS] unlimited: max_active == 0
  [PASS] unlimited: utilization always 0

=== TORTURE: Vault Template — sort, metadata, unlimited ===
  [PASS] sort-select present
  [PASS] applySort function present
  [PASS] sort option 'newest' in dropdown
  [PASS] sort option 'oldest' in dropdown
  [PASS] sort option 'scope' in dropdown
  [PASS] sort option 'category' in dropdown
  [PASS] sort option 'tier' in dropdown
  [PASS] sort option 'alpha' in dropdown
  [PASS] sort option 'source' in dropdown
  [PASS] sort option 'tag' in dropdown
  [PASS] sort option 'updated' in dropdown
  [PASS] Newest First label
  [PASS] Oldest First label
  [PASS] Agent (Scope) label
  [PASS] Category label
  [PASS] Text (A) label
  [PASS] Source label
  [PASS] Recently Updated label
  [PASS] Section (Canon / Register) label
  [PASS] Tag sort label
  [PASS] mem-meta class present
  [PASS] meta-icon class present
  [PASS] created_at timestamp rendered
  [PASS] source 'chat' rendered
  [PASS] version v2 rendered
  [PASS] updated_at rendered
  [PASS] canon badge rendered
  [PASS] register badge rendered
  [PASS] bounded: active count shown
  [PASS] bounded: max shown
  [PASS] bounded: utilization bar present
  [PASS] bounded: 30% shown
  [PASS] unlimited: ∞ symbol shown
  [PASS] unlimited: 'Unlimited' text shown
  [PASS] unlimited: active count 42
  [PASS] infinity string: ∞ shown
  [PASS] infinity string: Unlimited text
  [PASS] sort=scope preserved in scope links
  [PASS] scope option selected
  [PASS] default sort: no sort= in scope links
  [PASS] empty: no memories message
  [PASS] search query shown in empty
  [PASS] sparse mem: no version badge (v1)
  [PASS] sparse mem: text rendered
  [PASS] sparse mem: scope badge

=== TORTURE: Tools Max Memory Dropdown ===
  [PASS] select tag for max_total_memories
  [PASS] Unlimited option value=0
  [PASS] Unlimited label text
  [PASS] preset 500 in loop
  [PASS] preset 1,000 in loop
  [PASS] preset 2,000 in loop
  [PASS] preset 5,000 in loop
  [PASS] preset 10,000 in loop
  [PASS] preset 25,000 in loop
  [PASS] preset 50,000 in loop
  [PASS] preset 100,000 in loop
  [PASS] parseInt in _collectMemoryProfile
  [PASS] no type=number for max_total_memories

=== TORTURE: Memory Profile max_total_memories ===
  [PASS] memory_profile has retention_policy
  [PASS] retention has max_total_memories
  [PASS] max_total_memories is int
  [PASS] max_total_memories >= 0
  [PASS] default is 25000
  [PASS] __default__ has max_total_memories
  [PASS] __default__ max_total_memories >= 0
  [PASS] 0 is valid (unlimited)
  [PASS] round-trip unlimited: still has all keys
  [PASS] safety_policy has custom_hard_rules
  [PASS] custom_hard_rules is list

=== TORTURE: Vault Sort Edge Cases ===
  [PASS] same scope: s5 first (reversed, latest created)
  [PASS] same scope: s1 last
  [PASS] same category: s5 first
  [PASS] alpha case-insensitive: sorted ascending
  [PASS] unicode alpha: no crash
  [PASS] unicode alpha: returns 3 items
  [PASS] updated mix: u1 first (2026-03-01)
  [PASS] updated mix: u3 second (2026-02-15)
  [PASS] updated mix: u2 last (falls back to 2026-02-01)
  [PASS] source with None: no crash
  [PASS] source: manual first (reversed)
  [PASS] tag sort: alpha first (t4)
  [PASS] tag sort: beta second (t2)
  [PASS] tag sort: zeta third (t1)
  [PASS] tag sort: empty tags last (t3)
  [PASS] idempotent newest
  [PASS] idempotent oldest
  [PASS] idempotent scope
  [PASS] idempotent category
  [PASS] idempotent tier
  [PASS] idempotent alpha
  [PASS] idempotent source
  [PASS] idempotent tag
  [PASS] idempotent updated

=== TORTURE: Avatar Migration — base64 → file ===
  [PASS] astraea → file URL
  [PASS] astraea → .png ext
  [PASS] astraea file exists
  [PASS] astraea file has data
  [PASS] callum → file URL
  [PASS] callum → .jpg ext
  [PASS] codex untouched
  [PASS] astraea color preserved
  [PASS] user → file URL
  [PASS] user → .webp ext
  [PASS] user file exists
  [PASS] user name preserved
  [PASS] missing settings → no crash
  [PASS] empty settings → no crash
  [PASS] already migrated → untouched

=== TORTURE: Profile API — User/Agent Avatar + CRUD ===
  [PASS] user PUT 200
  [PASS] user PUT ok
  [PASS] user name saved
  [PASS] user color saved
  [PASS] user avatar PUT 200
  [PASS] user avatar → file URL
  [PASS] user avatar file exists
  [PASS] user clear 200
  [PASS] user clear → empty image
  [PASS] old avatar file removed
  [PASS] crop fields 200
  [PASS] photo_zoom saved
  [PASS] photo_x saved
  [PASS] photo_y saved
  [PASS] agent avatar PUT 200
  [PASS] agent avatar → file URL
  [PASS] agent avatar file exists
  [PASS] agent color saved
  [PASS] agent avatar replaced
  [PASS] old agent avatar removed
  [PASS] agent clear 200
  [PASS] agent clear → empty
  [PASS] profile create 200
  [PASS] profile create ok
  [PASS] profile YAML created
  [PASS] prompt file created
  [PASS] duplicate create → 400
  [PASS] profile get 200
  [PASS] profile get has name
  [PASS] profile update 200
  [PASS] profile delete 200
  [PASS] profile YAML removed
  [PASS] prompt removed
  [PASS] empty name → 400

=== TORTURE: UI Skins API — set/get ===
  [PASS] GET skin 200
  [PASS] default skin is 'default'
  [PASS] SET skin 200
  [PASS] SET skin ok
  [PASS] SET skin returned
  [PASS] GET after SET
  [PASS] skin persisted in settings
  [PASS] change skin to aurora
  [PASS] missing key → default

=== TORTURE: Saved Profile CRUD ===
  [PASS] empty dir → empty list
  [PASS] list returns 2 entries
  [PASS] pinned first
  [PASS] pinned name
  [PASS] custom second
  [PASS] custom desc
  [PASS] default profile in list
  [PASS] default name overridden to 'Default'
  [PASS] corrupt JSON → entry exists
  [PASS] corrupt JSON → filename as name
  [PASS] save profile 200
  [PASS] save profile ok
  [PASS] save profile filename
  [PASS] profile file created
  [PASS] get profile 200
  [PASS] get profile max_total
  [PASS] list profiles 200
  [PASS] test_profile in list
  [PASS] nonexistent → 404
  [PASS] delete 200
  [PASS] delete ok
  [PASS] file removed
  [PASS] empty filename → 400
  [PASS] sanitized save 200
  [PASS] sanitized filename

=== TORTURE: _extract_and_save_memories — Patterns ===
  [PASS] standard: one match
  [PASS] standard: category=bio
  [PASS] standard: text extracted
  [PASS] no category: one match
  [PASS] no category: empty category
  [PASS] no category: text correct
  [PASS] multiple: two matches
  [PASS] multiple: first category
  [PASS] multiple: second no category
  [PASS] no tags: zero matches
  [PASS] strip: tag removed
  [PASS] strip: surrounding text kept
  [PASS] strip multi: all tags removed
  [PASS] strip multi: middle text kept
  [PASS] strip clean: unchanged
  [PASS] category 'meta' extracted
  [PASS] category 'other' extracted
  [PASS] category 'lore' extracted
  [PASS] category 'project' extracted
  [PASS] category 'preference' extracted
  [PASS] category 'bio' extracted
  [PASS] category 'self' extracted
  [PASS] category 'session' extracted
  [PASS] category 'health' extracted
  [PASS] short text extracted but < 5 chars

=== TORTURE: Registry — get_tool_defs_for_agent ===
  [PASS] missing profile → empty
  [PASS] no allowed_tools → empty
  [PASS] 2 tools resolved
  [PASS] echo in defs
  [PASS] memory in defs
  [PASS] echo type=function
  [PASS] echo has description
  [PASS] echo has parameters
  [PASS] memory type=function
  [PASS] memory has description
  [PASS] memory has parameters
  [PASS] unknown tool skipped
  [PASS] only echo resolved
  [PASS] all tools list non-empty
  [PASS] tool 'agi_loop' resolves
  [PASS] tool 'continuation_update' resolves
  [PASS] tool 'cost_tracker' resolves
  [PASS] tool 'directives' resolves
  [PASS] tool 'echo' resolves
  [PASS] tool 'email' resolves
  [PASS] tool 'inbox' resolves
  [PASS] tool 'memory' resolves
  [PASS] tool 'model_router' resolves
  [PASS] tool 'runtime_info' resolves
  [PASS] tool 'web_search' resolves
  [PASS] empty YAML → empty dict

=== TORTURE: Profile Create V2 ===
  [PASS] v2 create 200
  [PASS] v2 create ok
  [PASS] v2 name normalized
  [PASS] v2 YAML exists
  [PASS] v2 prompt exists
  [PASS] v2 duplicate → 400
  [PASS] v2 empty name → 400

=== TORTURE: Settings Helpers ===
  [PASS] missing file → {}
  [PASS] round-trip skin
  [PASS] round-trip nested
  [PASS] overwrite works
  [PASS] overwrite drops old keys
  [PASS] large settings round-trip

=== TORTURE: Vault Search — MIN_SCORE Filter ===
  [PASS] high score passes
  [PASS] medium score passes
  [PASS] boundary 0.25 passes
  [PASS] low 0.15 filtered out
  [PASS] very low 0.05 filtered
  [PASS] zero score filtered
  [PASS] missing score key filtered
  [PASS] 3 results survive
  [PASS] all above threshold → all pass
  [PASS] all below threshold → empty
  [PASS] empty input → empty
  [PASS] negative score filtered
  [PASS] MIN_SCORE in app.py
  [PASS] score filter in app.py

=== TORTURE: Tag Sort Mode ===
  [PASS] tag: alpha first (b)
  [PASS] tag: beta second (d)
  [PASS] tag: zeta third (a)
  [PASS] tag: empty tags last
  [PASS] tag: 5 items returned
  [PASS] tag in ascending group
  [PASS] same tag: oldest first (st2)
  [PASS] same tag: newest last (st1)

=== TORTURE: HARD_MAX_TOTAL Ceiling ===
  [PASS] 10000 within limit → unchanged
  [PASS] 50000 → clamped to 25000
  [PASS] 25000 exactly → unchanged
  [PASS] 0 (unlimited) → not clamped
  [PASS] negative → not clamped by ceiling
  [PASS] HARD_MAX_TOTAL = 25_000 in app.py
  [PASS] clamping logic present

=== TORTURE: Wiki Articles Loader ===
  [PASS] wiki map non-empty
  [PASS] wiki map has root
  [PASS] wiki map has src/memory
  [PASS] wiki map has tests
  [PASS] wiki 'root' is Path
  [PASS] wiki 'orion-ui-standalone' is Path
  [PASS] wiki 'engine' is Path
  [PASS] wiki 'web' is Path
  [PASS] wiki 'data' is Path
  [PASS] wiki 'src' is Path
  [PASS] wiki 'src/memory' is Path
  [PASS] wiki 'src/llm_client' is Path
  [PASS] wiki 'src/tools' is Path
  [PASS] wiki 'src/directives' is Path
  [PASS] wiki 'src/governance' is Path
  [PASS] wiki 'src/policy' is Path
  [PASS] wiki 'src/observability' is Path
  [PASS] wiki 'src/storage' is Path
  [PASS] wiki 'config' is Path
  [PASS] wiki 'profiles' is Path
  [PASS] wiki 'prompts' is Path
  [PASS] wiki 'directives-user' is Path
  [PASS] wiki 'notes' is Path
  [PASS] wiki 'tests' is Path
  [PASS] wiki 'scripts' is Path
  [PASS] wiki 'soul-scripts' is Path
  [PASS] articles is dict
  [PASS] articles non-empty
  [PASS] at least one article has content
  [PASS] missing file → no crash
  [PASS] fake key not in articles

=== TORTURE: About API ===
  [PASS] missing about → default dict
  [PASS] missing about → has text key
  [PASS] round-trip text
  [PASS] overwrite text
  [PASS] extra field preserved
  [PASS] POST /api/about → 200
  [PASS] POST /api/about → ok
  [PASS] API save persisted

=== TORTURE: Vault Filter Dropdown ===
  [PASS] filter button exists
  [PASS] filter panel container
  [PASS] buildFilterPanel in JS
  [PASS] applyFilter in JS
  [PASS] tag sort option exists
  [PASS] sort dropdown present
  [PASS] data-scope attribute
  [PASS] data-category attribute
  [PASS] data-tags attribute
  [PASS] info button present

=== TORTURE: Routing — ModelRouter Deep Coverage ===
  [PASS] Tier LOCAL_CHEAP=0
  [PASS] Tier LOCAL_STRONG=1
  [PASS] Tier CHEAP_CLOUD=2
  [PASS] Tier EXPENSIVE_CLOUD=3
  [PASS] Tier CODE_LIGHT=4
  [PASS] Tier CODE_HEAVY=5
  [PASS] Tier ordering
  [PASS] 6 tiers
  [PASS] TIER_NAMES t0
  [PASS] TIER_NAMES t3
  [PASS] TIER_IDS t0
  [PASS] TIER_IDS t3
  [PASS] _LABEL_TO_TIER
  [PASS] _ID_TO_TIER
  [PASS] TaskType.CODING
  [PASS] TaskType.CODING_LIGHT
  [PASS] TaskType.CODING_HEAVY
  [PASS] TaskType.GENERAL
  [PASS] TaskType.AGI_TICK
  [PASS] TaskType._ALL has 12
  [PASS] TaskType._ALL has coding
  [PASS] TaskType._ALL has coding_light
  [PASS] TaskType._ALL has coding_heavy
  [PASS] TaskType._ALL has summarization
  [PASS] TaskType._ALL has planning
  [PASS] TaskType._ALL has high_stakes
  [PASS] TaskType._ALL has final_polish
  [PASS] TaskType._ALL has general
  [PASS] TaskType._ALL has memory_ops
  [PASS] TaskType._ALL has reflection
  [PASS] TaskType._ALL has tool_use
  [PASS] TaskType._ALL has agi_tick
  [PASS] classify coding_heavy
  [PASS] classify coding_light
  [PASS] classify summarize
  [PASS] classify plan
  [PASS] classify high_stakes
  [PASS] classify final_polish
  [PASS] classify memory_ops
  [PASS] classify reflection
  [PASS] classify tool_use
  [PASS] classify general fallback
  [PASS] classify empty
  [PASS] classify explicit
  [PASS] classify invalid explicit
  [PASS] recent errors boost coding_heavy
  [PASS] high keyword score → coding_heavy
  [PASS] is_direct model:x:y
  [PASS] not direct plain
  [PASS] not direct auto
  [PASS] not direct int
  [PASS] parse direct conn
  [PASS] parse direct model
  [PASS] parse bad direct → empty
  [PASS] parse tier → TierConfig
  [PASS] parse tier tier=CHEAP_CLOUD
  [PASS] parse tier label
  [PASS] parse tier model
  [PASS] parse tier provider
  [PASS] parse tier conn_id
  [PASS] parse tier alt
  [PASS] parse tier enabled
  [PASS] to_json_dict id
  [PASS] to_json_dict label
  [PASS] to_json_dict model
  [PASS] to_json_dict enabled
  [PASS] to_json_dict alt
  [PASS] to_json_dict retries
  [PASS] CONFIG_DEFAULTS.enabled
  [PASS] CONFIG_DEFAULTS.tiers count
  [PASS] CONFIG_DEFAULTS.task_tier_map count
  [PASS] from_config creates router
  [PASS] from_config enabled
  [PASS] from_config has tier_configs
  [PASS] from_config has task_tier_map
  [PASS] custom router 4 tiers
  [PASS] custom router coding→cheap_cloud
  [PASS] route coding_heavy → task_type
  [PASS] route coding_heavy → model set
  [PASS] route coding_heavy → tier cheap_cloud
  [PASS] route coding_heavy → tier_id t2
  [PASS] route coding_heavy → provider
  [PASS] route coding_heavy → not fallback
  [PASS] route coding_heavy → not direct
  [PASS] route auto → task_type general
  [PASS] route auto → fallback True
  [PASS] route auto → model None
  [PASS] route auto → tier_name __auto__
  [PASS] disabled → fallback
  [PASS] disabled → model None
  [PASS] disabled → reason contains disabled
  [PASS] direct → is_direct_model
  [PASS] direct → model name
  [PASS] direct → direct_conn_id
  [PASS] direct → tier_name 'direct'
  [PASS] unknown tier → fallback
  [PASS] unknown tier → reason
  [PASS] force_tier → expensive_cloud model
  [PASS] force_tier → tier_name
  [PASS] stuck escalation → tier > cheap_cloud
  [PASS] stuck escalation → reason contains 'Stuck'
  [PASS] stuck escalation → escalated_from set
  [PASS] after clear → back to cheap_cloud
  [PASS] disabled skip → lands on cheap_cloud
  [PASS] disabled skip → model deepseek-chat
  [PASS] all disabled → fallback
  [PASS] no tiers → fallback
  [PASS] to_dict has tier
  [PASS] to_dict has task_type
  [PASS] to_dict has model
  [PASS] to_dict has provider
  [PASS] to_dict has reason
  [PASS] to_dict has fallback
  [PASS] to_dict has is_direct_model
  [PASS] resolve_tier coding → TierConfig
  [PASS] resolve_tier coding label
  [PASS] resolve_tier general → None
  [PASS] get_next LOCAL_CHEAP → LOCAL_STRONG
  [PASS] get_next EXPENSIVE_CLOUD → None
  [PASS] to_config_dict has enabled
  [PASS] to_config_dict has tiers
  [PASS] to_config_dict has task_tier_map
  [PASS] to_config_dict 4 tiers
  [PASS] round-trip route same model
  [PASS] round-trip route same task

=== TORTURE: Budget Tracker — Deep Coverage ===
  [PASS] BudgetState default hard_cap
  [PASS] BudgetState default soft_cap
  [PASS] BudgetState default session_cap
  [PASS] BudgetState default tick_cap
  [PASS] BudgetState default monthly_spent
  [PASS] to_dict has monthly_hard_cap
  [PASS] to_dict has tier_spending
  [PASS] from_dict hard_cap
  [PASS] from_dict monthly_spent
  [PASS] from_dict empty → defaults
  [PASS] from_dict empty → 0 spent
  [PASS] to_dict rounds to 6
  [PASS] BudgetTracker created
  [PASS] BT state file set
  [PASS] BT remaining = hard_cap
  [PASS] BT hard_limit not hit
  [PASS] BT soft_limit not hit
  [PASS] BT session_limit not hit
  [PASS] after record → remaining 19.50
  [PASS] after record → monthly_spent 0.50
  [PASS] after record → session_spent 0.50
  [PASS] after record → total 0.50
  [PASS] tier_spending cheap_cloud
  [PASS] state persisted
  [PASS] multiple records total
  [PASS] tier_spending cheap 0.75
  [PASS] tier_spending expensive 1.00
  [PASS] tick within budget
  [PASS] tick over per_tick_cap
  [PASS] tick msg contains cap
  [PASS] at soft cap → hit
  [PASS] at soft cap → hard not hit
  [PASS] over hard cap → hit
  [PASS] over hard cap → remaining 0
  [PASS] over hard cap → tick blocked
  [PASS] reset session → session 0
  [PASS] reset session → monthly unchanged
  [PASS] summary has monthly_spent
  [PASS] summary has remaining
  [PASS] summary has hard_limit_hit
  [PASS] summary has soft_limit_hit
  [PASS] summary has tier_spending
  [PASS] summary has month_key
  [PASS] summary has total_all_time
  [PASS] summary remaining is 0
  [PASS] summary hard_limit_hit True
  [PASS] update hard_cap → 50
  [PASS] update tick_cap → 0.50
  [PASS] update soft unchanged
  [PASS] after cap update → remaining > 0
  [PASS] after cap update → hard not hit
  [PASS] reload monthly_spent preserved
  [PASS] reload total preserved
  [PASS] reload caps from constructor
  [PASS] corrupt file → fresh state
  [PASS] corrupt file → default caps
  [PASS] from_config hard_cap
  [PASS] from_config soft_cap auto
  [PASS] from_config session_cap
  [PASS] from_config tick_cap
  [PASS] from_config empty → default hard
  [PASS] session not hit initially
  [PASS] session hit after 0.15

=== TORTURE: Router + Budget Integration ===
  [PASS] budget remaining in decision
  [PASS] budget remaining ~10
  [PASS] hard limit → forced local tier
  [PASS] hard limit → reason mentions budget
  [PASS] soft limit → capped at cheap_cloud
  [PASS] soft limit → reason mentions soft
  [PASS] no budget pressure → expensive_cloud

=== TORTURE: ModelRouterTool — Budget Action ===
  [PASS] definition has 5 actions
  [PASS] budget in actions
  [PASS] budget returns dict
  [PASS] budget has monthly_spent
  [PASS] budget has remaining
  [PASS] budget has hard_limit_hit
  [PASS] budget has tier_spending
  [PASS] resolve has task_type
  [PASS] resolve has routed_model
  [PASS] resolve has tier
  [PASS] resolve has reason
  [PASS] resolve has fallback
  [PASS] resolve has is_direct_model
  [PASS] classify task_type
  [PASS] classify would_route_to
  [PASS] invalid action → error

── _get_edge_tts_conn env fallback ──
  [PASS] env conn not None
  [PASS] env conn id
  [PASS] env conn provider
  [PASS] env conn url
  [PASS] env conn platform_hosted
  [PASS] env conn enabled
  [PASS] env conn api_key empty
  [PASS] no env fallback returns conn or None
  [PASS] custom env url
  [PASS] custom env still platform_hosted

── _get_whisper_conn env fallback ──
  [PASS] whisper env conn not None
  [PASS] whisper env conn id
  [PASS] whisper env conn provider
  [PASS] whisper env conn url
  [PASS] whisper env conn platform_hosted
  [PASS] whisper env conn enabled
  [PASS] whisper env conn api_key empty
  [PASS] whisper no env returns conn or None
  [PASS] whisper custom url

── SEARXNG_URL env override ──
  [PASS] default searxng url is string
  [PASS] default searxng url has /search
  [PASS] effective cfg has searxng_url
  [PASS] effective url is string
  [PASS] flycast url has scheme
  [PASS] flycast url has port
  [PASS] flycast url has path

── connections.json TTS fallback ──
  [PASS] json fallback finds conn
  [PASS] json fallback correct id
  [PASS] json fallback correct url
  [PASS] json fallback correct provider
  [PASS] disabled conn returns None
  [PASS] wrong provider returns None

── connections.json Whisper fallback ──
  [PASS] whisper json finds conn
  [PASS] whisper json correct id
  [PASS] whisper json platform_hosted
  [PASS] empty connections returns None

── Whisper server.py structure ──
  [PASS] whisper server.py exists
  [PASS] has FastAPI import
  [PASS] has /v1/models route
  [PASS] has /v1/audio/transcriptions route
  [PASS] has /health route
  [PASS] has get_model function
  [PASS] has WhisperModel reference
  [PASS] has WHISPER_MODEL env
  [PASS] has tempfile usage
  [PASS] has UploadFile param
  [PASS] has response_format param
  [PASS] has verbose_json branch
  [PASS] returns text key
  [PASS] cleans up temp file

── SearXNG settings.yml ──
  [PASS] searxng settings.yml exists
  [PASS] has use_default_settings
  [PASS] has port 8080
  [PASS] has bind_address 0.0.0.0
  [PASS] has limiter false
  [PASS] has public_instance false
  [PASS] has google engine
  [PASS] has duckduckgo engine
  [PASS] has bing engine
  [PASS] has wikipedia engine
  [PASS] has github engine
  [PASS] has arxiv engine
  [PASS] has request_timeout

── Service Dockerfiles ──
  [PASS] searxng Dockerfile exists
  [PASS] searxng FROM searxng image
  [PASS] searxng COPY settings.yml
  [PASS] tts Dockerfile exists
  [PASS] tts FROM openedai-speech
  [PASS] tts EXPOSE 8000
  [PASS] whisper Dockerfile exists
  [PASS] whisper FROM python
  [PASS] whisper installs faster-whisper
  [PASS] whisper installs fastapi
  [PASS] whisper installs uvicorn
  [PASS] whisper COPY server.py
  [PASS] whisper EXPOSE 8000

── Service fly.toml configs ──
  [PASS] searxng fly.toml exists
  [PASS] searxng app name
  [PASS] searxng region iad
  [PASS] searxng port 8080
  [PASS] searxng dockerfile ref
  [PASS] searxng auto_stop suspend
  [PASS] tts fly.toml exists
  [PASS] tts app name
  [PASS] tts region iad
  [PASS] tts port 8000
  [PASS] tts volume mount
  [PASS] tts health check /v1/models
  [PASS] whisper fly.toml exists
  [PASS] whisper app name
  [PASS] whisper region iad
  [PASS] whisper port 8000
  [PASS] whisper health check /v1/models
  [PASS] whisper auto_stop suspend

── Env var priority over connections.json ──
  [PASS] no env: tts from json
  [PASS] no env: whisper from json
  [PASS] env set: tts from env
  [PASS] env set: tts url is flycast
  [PASS] env set: whisper from env
  [PASS] env set: whisper url is flycast

=== TORTURE: Platform API Keys — Image Generation ===
  [PASS] default: no openai platform key
  [PASS] default: no google platform key
  [PASS] default: no stability platform key
  [PASS] openai platform flag saved
  [PASS] google platform flag not set
  [PASS] stability platform flag saved
  [PASS] openai key still saved
  [PASS] openai flag toggled off
  [PASS] google flag toggled on
  [PASS] stability still on
  [PASS] all platform flags off
  [PASS] platform flag persists even without key
  [PASS] empty key saved

=== TORTURE: Platform API Keys — Voice (TTS) ===
  [PASS] default: no elevenlabs platform key
  [PASS] default: no openedai_cloud platform key
  [PASS] elevenlabs platform flag saved
  [PASS] openedai platform flag not set
  [PASS] elevenlabs key still saved
  [PASS] elevenlabs voice_id preserved
  [PASS] elevenlabs flag toggled off
  [PASS] openedai flag toggled on
  [PASS] all tts platform flags off
  [PASS] provider switched to openedai_cloud
  [PASS] openedai_cloud platform flag active
  [PASS] elevenlabs key still in dict

=== TORTURE: _normalize_ollama_url ===
  [PASS] None → platform URL
  [PASS] empty string → platform URL
  [PASS] whitespace → platform URL
  [PASS] localhost:11434 → platform URL
  [PASS] 127.0.0.1:11434 → platform URL
  [PASS] localhost no port → platform URL
  [PASS] custom URL preserved
  [PASS] platform URL idempotent
  [PASS] public fly URL preserved

=== TORTURE: _get_platform_connections ===
  [PASS] platform_openai in result
  [PASS] platform_ollama in result
  [PASS] elevenlabs in result (platform_hosted=True)
  [PASS] user_openai not in result
  [PASS] total count is 3
  [PASS] all results platform_hosted

=== TORTURE: page_chat connections split logic ===
  [PASS] platform_openai in platform_conns
  [PASS] platform_ollama in platform_conns
  [PASS] platform_elevenlabs excluded from platform_conns
  [PASS] platform_whisper excluded from platform_conns
  [PASS] user_openai in user_conns
  [PASS] disabled user conn excluded
  [PASS] platform conn not in user_conns
  [PASS] platform_conns count=2
  [PASS] user_conns count=1

=== TORTURE: Admin platform key — Ollama save/upsert ===
  [PASS] ollama conn saved
  [PASS] ollama conn api_key empty
  [PASS] ollama conn url normalized
  [PASS] ollama conn platform_hosted
  [PASS] upsert: models updated
  [PASS] upsert: localhost URL normalized to platform
  [PASS] openrouter conn saved
  [PASS] openrouter api_key set
  [PASS] openrouter platform_hosted
  [PASS] openrouter url correct
  [PASS] empty provider rejected
  [PASS] openai without key rejected

=== TORTURE: User API keys — OpenRouter + Ollama URL ===
  [PASS] openai key saved
  [PASS] anthropic key saved
  [PASS] deepseek key saved
  [PASS] google_gemini key saved
  [PASS] openrouter key saved
  [PASS] ollama_url normalized from localhost
  [PASS] openrouter updated
  [PASS] custom ollama_url preserved
  [PASS] missing openrouter saved as empty
  [PASS] all 6 keys in schema

=== TORTURE: User API keys — masking logic ===
  [PASS] ollama_url unmasked
  [PASS] openai starts with 'sk-a'
  [PASS] openai ends with 'mnop'
  [PASS] openai contains bullets
  [PASS] openrouter masked
  [PASS] openrouter starts with 'sk-o'
  [PASS] deepseek 8-char → all bullets
  [PASS] google_gemini 4-char → all bullets
  [PASS] empty key → empty masked

=== TORTURE: /api/connections/all-models static logic ===
  [PASS] platform_openai in result
  [PASS] platform_ollama in result
  [PASS] user_openai in result
  [PASS] disabled_conn excluded
  [PASS] openai models sorted
  [PASS] ollama models sorted
  [PASS] None models → empty list

=== TORTURE: admin_keys.html PROVIDERS array ===
  [PASS] admin_keys.html exists
  [PASS] PROVIDERS array declared
  [PASS] openrouter id in PROVIDERS
  [PASS] openrouter name 'OpenRouter'
  [PASS] openrouter url_default correct
  [PASS] openrouter key placeholder sk-or-
  [PASS] elevenlabs id in PROVIDERS
  [PASS] elevenlabs name
  [PASS] openrouter before elevenlabs
  [PASS] ollama api_key skip guard
  [PASS] providers-list div present
  [PASS] Platform API Keys label

=== TORTURE: chat.html three-mode selector ===
  [PASS] chat.html exists
  [PASS] chat-connection select present
  [PASS] onConnectionChange handler wired
  [PASS] __platform__ option present
  [PASS] __auto__ option present
  [PASS] __user__ option present
  [PASS] Platform Models label
  [PASS] Auto User Router label
  [PASS] User Models label
  [PASS] _platformConnections const declared
  [PASS] platform_connections Jinja template var
  [PASS] tojson filter applied
  [PASS] fetchPlatformModels function defined
  [PASS] fetchPlatformModels calls all-models
  [PASS] fetchUserModels function defined
  [PASS] fetchUserModels calls /api/user/models
  [PASS] _buildChatRoutingPayload defined
  [PASS] __auto__ handled in payload builder
  [PASS] __platform__ handled in payload builder
  [PASS] __user__ handled in payload builder
  [PASS] chat-model select present
  [PASS] default init to __platform__
  [PASS] _buildChatRoutingPayload called in send
  [PASS] onConnectionChange handles __auto__
  [PASS] onConnectionChange handles __platform__
  [PASS] onConnectionChange handles __user__
  [PASS] no user_connections Jinja loop
  [PASS] __userkey_ prefix in fetchUserModels

=== TORTURE: _resolve_connection — __userkey_ dynamic connections ===
  [PASS] userkey_openai resolves
  [PASS] userkey_openai provider
  [PASS] userkey_openai api_key
  [PASS] userkey_openai url
  [PASS] userkey_openai has models
  [PASS] userkey_openai enabled
  [PASS] userkey_anthropic resolves
  [PASS] userkey_anthropic provider
  [PASS] userkey_anthropic api_key
  [PASS] userkey_deepseek resolves
  [PASS] userkey_deepseek url
  [PASS] userkey_openrouter resolves
  [PASS] userkey_openrouter url
  [PASS] userkey_google_gemini resolves
  [PASS] userkey_google_gemini url
  [PASS] unknown userkey provider returns None
  [PASS] empty api_key returns None
  [PASS] nonexistent conn_id returns None
  [PASS] None conn_id with no connections returns None

=== TORTURE: /api/user/models — user model catalog ===
  [PASS] openai in providers
  [PASS] anthropic in providers
  [PASS] deepseek in providers
  [PASS] google_gemini in providers
  [PASS] openrouter in providers
  [PASS] ollama_url NOT in providers (not in catalog)
  [PASS] all providers have models
  [PASS] all providers have name
  [PASS] only openai when others empty
  [PASS] no keys → empty providers
  [PASS] short key excluded
  [PASS] catalog has openai
  [PASS] catalog has anthropic
  [PASS] catalog has deepseek
  [PASS] catalog has openrouter
  [PASS] catalog has google_gemini
  [PASS] catalog entries are (name, models) tuples
  [PASS] URL map has openai
  [PASS] URL map has anthropic
  [PASS] URL map has deepseek
  [PASS] URL map has openrouter
  [PASS] URL map has google_gemini
  [PASS] all URLs start with https

=== TORTURE: stripe_state.json persistence path ===
  [PASS] _STRIPE_STATE_FILE is a Path
  [PASS] falls back to config/ when no /persist
  [PASS] _load_stripe_state returns dict
  [PASS] state has subscriptions key
  [PASS] stripe_state file created
  [PASS] round-trip: trials preserved
  [PASS] round-trip: credits preserved
  [PASS] corrupt file → returns default dict
  [PASS] missing file → returns default dict
  [PASS] FREE_TRIAL_DAYS is 5

=== TORTURE: connections.json — clean state ===
  [PASS] connections key in data
  [PASS] no ollama-fly entry
  [PASS] no legacy openrouter fallback
  [PASS] connections is list
  [PASS] agent_connections key exists

=== TORTURE: Store Catalog — structure validation ===
  [PASS] STORE_CATALOG is a list
  [PASS] catalog has entries
  [PASS] agi_bundle: has required keys
  [PASS] agi_bundle: purchase_type valid
  [PASS] agi_bundle: credit_cost is int
  [PASS] agi_bundle: unlocks is list
  [PASS] agi_bundle: tags is list
  [PASS] agi_bundle: no duplicate id
  [PASS] email: has required keys
  [PASS] email: purchase_type valid
  [PASS] email: credit_cost is int
  [PASS] email: unlocks is list
  [PASS] email: tags is list
  [PASS] email: no duplicate id
  [PASS] voice_tts: has required keys
  [PASS] voice_tts: purchase_type valid
  [PASS] voice_tts: credit_cost is int
  [PASS] voice_tts: unlocks is list
  [PASS] voice_tts: tags is list
  [PASS] voice_tts: no duplicate id
  [PASS] voice_stt: has required keys
  [PASS] voice_stt: purchase_type valid
  [PASS] voice_stt: credit_cost is int
  [PASS] voice_stt: unlocks is list
  [PASS] voice_stt: tags is list
  [PASS] voice_stt: no duplicate id
  [PASS] cost_tracker: has required keys
  [PASS] cost_tracker: purchase_type valid
  [PASS] cost_tracker: credit_cost is int
  [PASS] cost_tracker: unlocks is list
  [PASS] cost_tracker: tags is list
  [PASS] cost_tracker: no duplicate id
  [PASS] web_search: has required keys
  [PASS] web_search: purchase_type valid
  [PASS] web_search: credit_cost is int
  [PASS] web_search: unlocks is list
  [PASS] web_search: tags is list
  [PASS] web_search: no duplicate id
  [PASS] image_generation: has required keys
  [PASS] image_generation: purchase_type valid
  [PASS] image_generation: credit_cost is int
  [PASS] image_generation: unlocks is list
  [PASS] image_generation: tags is list
  [PASS] image_generation: no duplicate id
  [PASS] llm_platform_credits: has required keys
  [PASS] llm_platform_credits: purchase_type valid
  [PASS] llm_platform_credits: credit_cost is int
  [PASS] llm_platform_credits: unlocks is list
  [PASS] llm_platform_credits: tags is list
  [PASS] llm_platform_credits: no duplicate id
  [PASS] agent_kaelen: has required keys
  [PASS] agent_kaelen: purchase_type valid
  [PASS] agent_kaelen: credit_cost is int
  [PASS] agent_kaelen: unlocks is list
  [PASS] agent_kaelen: tags is list
  [PASS] agent_kaelen: no duplicate id
  [PASS] agent_k_os: has required keys
  [PASS] agent_k_os: purchase_type valid
  [PASS] agent_k_os: credit_cost is int
  [PASS] agent_k_os: unlocks is list
  [PASS] agent_k_os: tags is list
  [PASS] agent_k_os: no duplicate id
  [PASS] agent_janus: has required keys
  [PASS] agent_janus: purchase_type valid
  [PASS] agent_janus: credit_cost is int
  [PASS] agent_janus: unlocks is list
  [PASS] agent_janus: tags is list
  [PASS] agent_janus: no duplicate id
  [PASS] agent_kagen: has required keys
  [PASS] agent_kagen: purchase_type valid
  [PASS] agent_kagen: credit_cost is int
  [PASS] agent_kagen: unlocks is list
  [PASS] agent_kagen: tags is list
  [PASS] agent_kagen: no duplicate id
  [PASS] agent_astra: has required keys
  [PASS] agent_astra: purchase_type valid
  [PASS] agent_astra: credit_cost is int
  [PASS] agent_astra: unlocks is list
  [PASS] agent_astra: tags is list
  [PASS] agent_astra: no duplicate id
  [PASS] agent_marcus: has required keys
  [PASS] agent_marcus: purchase_type valid
  [PASS] agent_marcus: credit_cost is int
  [PASS] agent_marcus: unlocks is list
  [PASS] agent_marcus: tags is list
  [PASS] agent_marcus: no duplicate id
  [PASS] agent_maris: has required keys
  [PASS] agent_maris: purchase_type valid
  [PASS] agent_maris: credit_cost is int
  [PASS] agent_maris: unlocks is list
  [PASS] agent_maris: tags is list
  [PASS] agent_maris: no duplicate id
  [PASS] agent_dalvarr: has required keys
  [PASS] agent_dalvarr: purchase_type valid
  [PASS] agent_dalvarr: credit_cost is int
  [PASS] agent_dalvarr: unlocks is list
  [PASS] agent_dalvarr: tags is list
  [PASS] agent_dalvarr: no duplicate id
  [PASS] agent_seraphine: has required keys
  [PASS] agent_seraphine: purchase_type valid
  [PASS] agent_seraphine: credit_cost is int
  [PASS] agent_seraphine: unlocks is list
  [PASS] agent_seraphine: tags is list
  [PASS] agent_seraphine: no duplicate id
  [PASS] agent_obsidian: has required keys
  [PASS] agent_obsidian: purchase_type valid
  [PASS] agent_obsidian: credit_cost is int
  [PASS] agent_obsidian: unlocks is list
  [PASS] agent_obsidian: tags is list
  [PASS] agent_obsidian: no duplicate id
  [PASS] agent_kairos: has required keys
  [PASS] agent_kairos: purchase_type valid
  [PASS] agent_kairos: credit_cost is int
  [PASS] agent_kairos: unlocks is list
  [PASS] agent_kairos: tags is list
  [PASS] agent_kairos: no duplicate id
  [PASS] agent_codex_animus: has required keys
  [PASS] agent_codex_animus: purchase_type valid
  [PASS] agent_codex_animus: credit_cost is int
  [PASS] agent_codex_animus: unlocks is list
  [PASS] agent_codex_animus: tags is list
  [PASS] agent_codex_animus: no duplicate id
  [PASS] agent_astraea: has required keys
  [PASS] agent_astraea: purchase_type valid
  [PASS] agent_astraea: credit_cost is int
  [PASS] agent_astraea: unlocks is list
  [PASS] agent_astraea: tags is list
  [PASS] agent_astraea: no duplicate id
  [PASS] agent_orion: has required keys
  [PASS] agent_orion: purchase_type valid
  [PASS] agent_orion: credit_cost is int
  [PASS] agent_orion: unlocks is list
  [PASS] agent_orion: tags is list
  [PASS] agent_orion: no duplicate id
  [PASS] agent_lux_umbra: has required keys
  [PASS] agent_lux_umbra: purchase_type valid
  [PASS] agent_lux_umbra: credit_cost is int
  [PASS] agent_lux_umbra: unlocks is list
  [PASS] agent_lux_umbra: tags is list
  [PASS] agent_lux_umbra: no duplicate id
  [PASS] agent_aristotle: has required keys
  [PASS] agent_aristotle: purchase_type valid
  [PASS] agent_aristotle: credit_cost is int
  [PASS] agent_aristotle: unlocks is list
  [PASS] agent_aristotle: tags is list
  [PASS] agent_aristotle: no duplicate id
  [PASS] at least 1 agent in catalog
  [PASS] agent_kaelen: agent has agent_id
  [PASS] agent_k_os: agent has agent_id
  [PASS] agent_janus: agent has agent_id
  [PASS] agent_kagen: agent has agent_id
  [PASS] agent_astra: agent has agent_id
  [PASS] agent_marcus: agent has agent_id
  [PASS] agent_maris: agent has agent_id
  [PASS] agent_dalvarr: agent has agent_id
  [PASS] agent_seraphine: agent has agent_id
  [PASS] agent_obsidian: agent has agent_id
  [PASS] agent_kairos: agent has agent_id
  [PASS] agent_codex_animus: agent has agent_id
  [PASS] agent_astraea: agent has agent_id
  [PASS] agent_orion: agent has agent_id
  [PASS] agent_lux_umbra: agent has agent_id
  [PASS] agent_aristotle: agent has agent_id
  [PASS] SKIN_PRICES is dict
  [PASS] default skin is free
  [PASS] all skin prices are int
  [PASS] CREDIT_PACKS is dict
  [PASS] pack pack_10: has credits
  [PASS] pack pack_10: has price
  [PASS] pack pack_10: has label
  [PASS] pack pack_20: has credits
  [PASS] pack pack_20: has price
  [PASS] pack pack_20: has label
  [PASS] pack pack_30: has credits
  [PASS] pack pack_30: has price
  [PASS] pack pack_30: has label
  [PASS] LLM_MARKUP_MULTIPLIER is 2.0
  [PASS] FREE_TRIAL_DAYS is 5
  [PASS] INACTIVE_ACCOUNT_DAYS is 365

=== TORTURE: Tier & Trial System ===
  [PASS] trial is active for new user
  [PASS] trial has days_left > 0
  [PASS] trial days_left <= 5
  [PASS] trial started_at > 0
  [PASS] trial expires_at > started_at
  [PASS] tier is pro during trial
  [PASS] pro feature: agi_loop
  [PASS] pro feature: voice_tts
  [PASS] basic feature: chat
  [PASS] pro: unlimited messages
  [PASS] pro: unlimited agents
  [PASS] subscription has tier
  [PASS] subscription has trial
  [PASS] subscription is_trial during trial
  [PASS] subscription tier_info has features
  [PASS] expired trial → free tier
  [PASS] free lacks agi_loop
  [PASS] free has chat
  [PASS] free: message limit enforced
  [PASS] free: under limit ok
  [PASS] active sub → pro
  [PASS] subscription not is_trial with active sub
  [PASS] canceled status
  [PASS] canceled_at set
  [PASS] empty user_id → free tier
  [PASS] empty user_id → inactive trial

=== TORTURE: Credit System ===
  [PASS] initial balance is 0
  [PASS] empty user_id → 0
  [PASS] balance after +1000
  [PASS] balance after +500
  [PASS] deduct ok
  [PASS] deduct balance
  [PASS] actual balance
  [PASS] insufficient → error
  [PASS] insufficient → balance unchanged
  [PASS] insufficient → shows needed
  [PASS] history has entries
  [PASS] history ordered newest first
  [PASS] credit entry type
  [PASS] debit entry type
  [PASS] history limit=1 → 1 entry
  [PASS] history capped at 200

=== TORTURE: Credit Cost Estimators ===
  [PASS] llm $0 → 0 credits
  [PASS] llm negative → 0 credits
  [PASS] llm $0.01 → 2 credits (2x markup)
  [PASS] llm $1.00 → 200 credits
  [PASS] llm minimum 1 credit
  [PASS] tts 0 chars → 0
  [PASS] tts negative → 0
  [PASS] tts 1000 chars elevenlabs > 0
  [PASS] tts default provider works
  [PASS] tts unknown provider → default
  [PASS] stt 0 seconds → 0
  [PASS] stt negative → 0
  [PASS] stt 60s whisper > 0
  [PASS] stt default provider works

=== TORTURE: Purchase Flows ===
  [PASS] tool purchase ok
  [PASS] tool purchase has cost
  [PASS] tool purchase balance reduced
  [PASS] already owned → error
  [PASS] invalid tool → error
  [PASS] free tool → error (not one_time)
  [PASS] owns agi_bundle
  [PASS] doesn't own email
  [PASS] skin purchase ok
  [PASS] skin purchase cost 75
  [PASS] skin already owned → error
  [PASS] default skin already owned
  [PASS] unknown skin → error
  [PASS] agent purchase ok
  [PASS] agent purchase has agent_id
  [PASS] agent already owned → error
  [PASS] invalid agent → error
  [PASS] insufficient credits → error

=== TORTURE: Agent Ownership ===
  [PASS] codex_animus is free
  [PASS] store_agent_ids is set
  [PASS] store has agents
  [PASS] fresh user has codex_animus
  [PASS] fresh user count
  [PASS] fresh user doesn't 'own' free agent via purchase
  [PASS] owns purchased agent
  [PASS] unlocked includes purchased
  [PASS] unlocked still includes free
  [PASS] free tool: web_search always accessible
  [PASS] free tool: echo always accessible
  [PASS] free tool: memory always accessible
  [PASS] bundle unlocks agi_loop
  [PASS] bundle unlocks continuation_update
  [PASS] non-purchased tool → no access

=== TORTURE: User Activity Tracking ===
  [PASS] initial last_active is 0
  [PASS] last_active > 0 after touch
  [PASS] last_active is recent
  [PASS] throttled: timestamp unchanged
  [PASS] no throttle: timestamp updated
  [PASS] empty uid no-op

=== TORTURE: Wipe User Data ===
  [PASS] wipe ok
  [PASS] wipe removed sections
  [PASS] wipe kept purchases
  [PASS] credits wiped
  [PASS] activity wiped
  [PASS] subscription wiped
  [PASS] trial wiped
  [PASS] purchases preserved
  [PASS] wipe+purchases ok
  [PASS] purchases also wiped

=== TORTURE: Wipe User By Email ===
  [PASS] wipe by email ok
  [PASS] wiped_users >= 1
  [PASS] not found → error
  [PASS] case-insensitive match

=== TORTURE: Purge Inactive Users ===
  [PASS] purge ok
  [PASS] purge cutoff_days
  [PASS] active subscriber NOT purged
  [PASS] old canceled IS purged
  [PASS] recent free NOT purged
  [PASS] no_activity falls back to trial start
  [PASS] old_canceled credits wiped
  [PASS] active_user credits kept

=== TORTURE: List All Users ===
  [PASS] list_all_users returns list
  [PASS] includes user_a
  [PASS] includes user_b
  [PASS] includes user_c
  [PASS] total users >= 3
  [PASS] user_a has email
  [PASS] user_a tier is pro
  [PASS] user_a has credit_balance
  [PASS] user_a has last_active
  [PASS] user_a has last_active_human
  [PASS] user_b tier is free (no sub)
  [PASS] user_b last_active = never

=== TORTURE: Auth Helpers ===
  [PASS] login is public
  [PASS] auth/callback is public
  [PASS] api/auth/config is public
  [PASS] api/stripe/webhook is public
  [PASS] plans is public
  [PASS] static is public
  [PASS] favicon.ico is public
  [PASS] static/css/foo.css is public
  [PASS] uploads/image.png is public
  [PASS] / is private
  [PASS] /chat is private
  [PASS] /api/chat is private
  [PASS] /api/profiles is private
  [PASS] /settings is private
  [PASS] /vault is private
  [PASS] PUBLIC_PATHS is set
  [PASS] PUBLIC_PATHS has entries
  [PASS] auth config is dict
  [PASS] auth config has auth_enabled
  [PASS] auth config has supabase_url
  [PASS] auth config has supabase_anon_key
  [PASS] extract: id
  [PASS] extract: email
  [PASS] extract: role
  [PASS] extract: aud
  [PASS] empty payload: id empty
  [PASS] empty payload: email empty
  [PASS] empty payload: role default

=== TORTURE: Tier Info Structure ===
  [PASS] TIER_INFO has free
  [PASS] TIER_INFO has pro
  [PASS] free: has name
  [PASS] free: has price
  [PASS] free: has features
  [PASS] free: has limits
  [PASS] free: features is sorted list
  [PASS] pro: has name
  [PASS] pro: has price
  [PASS] pro: has features
  [PASS] pro: has limits
  [PASS] pro: features is sorted list
  [PASS] FREE_TIER_FEATURES is set
  [PASS] PRO_TIER_FEATURES is set
  [PASS] pro superset of free
  [PASS] chat in free
  [PASS] agi_loop in pro only
  [PASS] free has messages_per_day limit
  [PASS] pro messages_per_day is unlimited
  [PASS] free has memory_entries limit
  [PASS] pro memory_entries is unlimited
  [PASS] pro price is $9.99
  [PASS] free price is $0

=== TORTURE: Soul Script Helpers ===
  [PASS] missing dir → empty string
  [PASS] directives dir created
  [PASS] soul script file created
  [PASS] round-trip content
  [PASS] overwrite content
  [PASS] empty save → empty load
  [PASS] agent_a content
  [PASS] agent_b content
  [PASS] agent_a file
  [PASS] agent_b file
  [PASS] unicode round-trip

=== TORTURE: Soul Script API ===
  [PASS] soul script save 200
  [PASS] soul script save ok
  [PASS] soul script file exists
  [PASS] soul script content
  [PASS] soul script update 200
  [PASS] soul script updated content
  [PASS] empty soul script 200
  [PASS] empty soul script content
  [PASS] combined save 200
  [PASS] system prompt saved
  [PASS] soul script saved
  [PASS] no-soul-script save 200
  [PASS] soul script preserved

=== TORTURE: Soul Script FAISS Indexing ===
  [PASS] _rebuild_notes_faiss exists
  [PASS] doc_id format alpha
  [PASS] doc_id format beta
  [PASS] alpha in agents
  [PASS] beta in agents
  [PASS] alpha soul script readable
  [PASS] beta soul script empty
  [PASS] _rebuild_notes_faiss no crash

=== TORTURE: Collect Notes — Soul Script Doc ID ===
  [PASS] collect_notes has agent_name param
  [PASS] collect_notes has query param
  [PASS] collect_notes has top_k param
  [PASS] soul_script doc_id in source
  [PASS] directive_note_ids.add(soul_script
  [PASS] f-string agent_name in doc_id
  [PASS] collect_notes returns tuple
  [PASS] _get_agent_note_config callable
  [PASS] default config is dict

=== TORTURE: Profiles Template — Collapsible + Soul Script ===
  [PASS] profiles.html exists
  [PASS] toggleCollapse JS function
  [PASS] collapsible-header class
  [PASS] collapsible-body class
  [PASS] collapse-chevron class
  [PASS] system prompt section has collapsible
  [PASS] soul-script textarea
  [PASS] Soul Script heading
  [PASS] FAISS badge
  [PASS] soul_script_text in saveAll
  [PASS] Knowledge Notes heading
  [PASS] soul_script Jinja var

========================================
Results: 2979 passed, 0 failed
All tests passed.
